[
{"District":"Congressional District 1","County":"Maricopa","Precincts":"206","Democratic":"135,345","Green":"298","Libertarian":"3,867","No Labels":"2,809","Republican":"184,694","Other":"163,584","Total":"490,597"},
{"District":"Congressional District 1","County":"Total:","Precincts":"206","Democratic":"135,345","Green":"298","Libertarian":"3,867","No Labels":"2,809","Republican":"184,694","Other":"163,584","Total":"490,597"},
{"District":"Congressional District 2","County":"Apache","Precincts":"44","Democratic":"26,830","Green":"15","Libertarian":"229","No Labels":"126","Republican":"10,720","Other":"13,792","Total":"51,712"},
{"District":"Congressional District 2","County":"Coconino","Precincts":"75","Democratic":"34,526","Green":"146","Libertarian":"751","No Labels":"604","Republican":"22,530","Other":"28,401","Total":"86,958"},
{"District":"Congressional District 2","County":"Gila","Precincts":"39","Democratic":"8,122","Green":"0","Libertarian":"226","No Labels":"138","Republican":"15,875","Other":"9,280","Total":"33,641"},
{"District":"Congressional District 2","County":"Graham","Precincts":"2","Democratic":"1,274","Green":"0","Libertarian":"4","No Labels":"6","Republican":"171","Other":"623","Total":"2,078"},
{"District":"Congressional District 2","County":"Maricopa","Precincts":"3","Democratic":"596","Green":"2","Libertarian":"9","No Labels":"9","Republican":"78","Other":"634","Total":"1,328"},
{"District":"Congressional District 2","County":"Mohave","Precincts":"2","Democratic":"259","Green":"0","Libertarian":"4","No Labels":"3","Republican":"102","Other":"366","Total":"734"},
{"District":"Congressional District 2","County":"Navajo","Precincts":"21","Democratic":"23,526","Green":"0","Libertarian":"449","No Labels":"327","Republican":"26,390","Other":"20,162","Total":"70,854"},
{"District":"Congressional District 2","County":"Pinal","Precincts":"50","Democratic":"27,843","Green":"1","Libertarian":"836","No Labels":"786","Republican":"37,401","Other":"41,802","Total":"108,669"},
{"District":"Congressional District 2","County":"Yavapai","Precincts":"57","Democratic":"31,307","Green":"0","Libertarian":"1,347","No Labels":"897","Republican":"83,518","Other":"50,062","Total":"167,131"},
{"District":"Congressional District 2","County":"Total:","Precincts":"293","Democratic":"154,283","Green":"164","Libertarian":"3,855","No Labels":"2,896","Republican":"196,785","Other":"165,122","Total":"523,105"},
{"District":"Congressional District 3","County":"Maricopa","Precincts":"123","Democratic":"138,373","Green":"249","Libertarian":"2,197","No Labels":"2,599","Republican":"42,674","Other":"119,240","Total":"305,332"},
{"District":"Congressional District 3","County":"Total:","Precincts":"123","Democratic":"138,373","Green":"249","Libertarian":"2,197","No Labels":"2,599","Republican":"42,674","Other":"119,240","Total":"305,332"},
{"District":"Congressional District 4","County":"Maricopa","Precincts":"146","Democratic":"126,080","Green":"352","Libertarian":"3,976","No Labels":"3,095","Republican":"130,439","Other":"146,851","Total":"410,793"},
{"District":"Congressional District 4","County":"Total:","Precincts":"146","Democratic":"126,080","Green":"352","Libertarian":"3,976","No Labels":"3,095","Republican":"130,439","Other":"146,851","Total":"410,793"},
{"District":"Congressional District 5","County":"Maricopa","Precincts":"120","Democratic":"91,695","Green":"182","Libertarian":"3,470","No Labels":"2,340","Republican":"168,048","Other":"138,006","Total":"403,741"},
{"District":"Congressional District 5","County":"Pinal","Precincts":"30","Democratic":"19,674","Green":"0","Libertarian":"961","No Labels":"739","Republican":"43,170","Other":"37,968","Total":"102,512"},
{"District":"Congressional District 5","County":"Total:","Precincts":"150","Democratic":"111,369","Green":"182","Libertarian":"4,431","No Labels":"3,079","Republican":"211,218","Other":"175,974","Total":"506,253"},
{"District":"Congressional District 6","County":"Cochise","Precincts":"43","Democratic":"11,302","Green":"32","Libertarian":"561","No Labels":"341","Republican":"26,640","Other":"20,352","Total":"59,228"},
{"District":"Congressional District 6","County":"Graham","Precincts":"21","Democratic":"3,227","Green":"8","Libertarian":"115","No Labels":"60","Republican":"9,997","Other":"4,723","Total":"18,130"},
{"District":"Congressional District 6","County":"Greenlee","Precincts":"6","Democratic":"1,398","Green":"2","Libertarian":"51","No Labels":"30","Republican":"1,790","Other":"1,514","Total":"4,785"},
{"District":"Congressional District 6","County":"Pima","Precincts":"155","Democratic":"129,989","Green":"342","Libertarian":"2,906","No Labels":"1,957","Republican":"126,174","Other":"121,782","Total":"383,150"},
{"District":"Congressional District 6","County":"Pinal","Precincts":"25","Democratic":"13,845","Green":"0","Libertarian":"310","No Labels":"325","Republican":"17,239","Other":"17,796","Total":"49,515"},
{"District":"Congressional District 6","County":"Total:","Precincts":"250","Democratic":"159,761","Green":"384","Libertarian":"3,943","No Labels":"2,713","Republican":"181,840","Other":"166,167","Total":"514,808"},
{"District":"Congressional District 7","County":"Cochise","Precincts":"12","Democratic":"7,149","Green":"15","Libertarian":"84","No Labels":"83","Republican":"2,984","Other":"6,157","Total":"16,472"},
{"District":"Congressional District 7","County":"Maricopa","Precincts":"23","Democratic":"19,738","Green":"26","Libertarian":"375","No Labels":"549","Republican":"10,175","Other":"20,339","Total":"51,202"},
{"District":"Congressional District 7","County":"Pima","Precincts":"123","Democratic":"108,445","Green":"415","Libertarian":"1,852","No Labels":"1,517","Republican":"47,140","Other":"84,374","Total":"243,743"},
{"District":"Congressional District 7","County":"Pinal","Precincts":"4","Democratic":"857","Green":"0","Libertarian":"35","No Labels":"35","Republican":"1,319","Other":"1,427","Total":"3,673"},
{"District":"Congressional District 7","County":"Santa Cruz","Precincts":"24","Democratic":"13,965","Green":"11","Libertarian":"171","No Labels":"106","Republican":"5,109","Other":"11,229","Total":"30,591"},
{"District":"Congressional District 7","County":"Yuma","Precincts":"27","Democratic":"21,219","Green":"0","Libertarian":"309","No Labels":"334","Republican":"11,091","Other":"24,164","Total":"57,117"},
{"District":"Congressional District 7","County":"Total:","Precincts":"213","Democratic":"171,373","Green":"467","Libertarian":"2,826","No Labels":"2,624","Republican":"77,818","Other":"147,690","Total":"402,798"},
{"District":"Congressional District 8","County":"Maricopa","Precincts":"173","Democratic":"114,482","Green":"274","Libertarian":"3,607","No Labels":"2,662","Republican":"184,252","Other":"154,082","Total":"459,359"},
{"District":"Congressional District 8","County":"Total:","Precincts":"173","Democratic":"114,482","Green":"274","Libertarian":"3,607","No Labels":"2,662","Republican":"184,252","Other":"154,082","Total":"459,359"},
{"District":"Congressional District 9","County":"La Paz","Precincts":"11","Democratic":"2,106","Green":"4","Libertarian":"61","No Labels":"95","Republican":"5,350","Other":"4,168","Total":"11,784"},
{"District":"Congressional District 9","County":"Maricopa","Precincts":"112","Democratic":"70,748","Green":"140","Libertarian":"2,364","No Labels":"2,456","Republican":"104,785","Other":"103,832","Total":"284,325"},
{"District":"Congressional District 9","County":"Mohave","Precincts":"22","Democratic":"18,905","Green":"0","Libertarian":"972","No Labels":"600","Republican":"78,141","Other":"47,033","Total":"145,651"},
{"District":"Congressional District 9","County":"Yuma","Precincts":"20","Democratic":"9,115","Green":"0","Libertarian":"339","No Labels":"296","Republican":"20,411","Other":"16,342","Total":"46,503"},
{"District":"Congressional District 9","County":"Total:","Precincts":"165","Democratic":"100,874","Green":"144","Libertarian":"3,736","No Labels":"3,447","Republican":"208,687","Other":"171,375","Total":"488,263"}
]
