[
{"3":"Registered","4":"Registered","5":"Registered","6":"Registered","County":"County","Active":"Registered","Registered":"Registered"},
{"3":"Voters","4":"Voters","5":"Voters","County":"Voters","Active":"Voters","Registered":"Voters"},
{"County":"ALCONA","Active":"8,842","Registered":"10,308"},
{"County":"ALGER","Active":"6,319","Registered":"7,552"},
{"County":"ALLEGAN","Active":"85,317","Registered":"96,928"},
{"County":"ALPENA","Active":"21,206","Registered":"24,840"},
{"County":"ANTRIM","Active":"19,869","Registered":"22,630"},
{"County":"ARENAC","Active":"11,350","Registered":"13,035"},
{"County":"BARAGA","Active":"5,424","Registered":"6,749"},
{"County":"BARRY","Active":"45,694","Registered":"51,279"},
{"County":"BAY","Active":"75,503","Registered":"85,699"},
{"County":"BENZIE","Active":"14,843","Registered":"16,690"},
{"County":"BERRIEN","Active":"106,401","Registered":"131,270"},
{"County":"BRANCH","Active":"27,862","Registered":"34,256"},
{"County":"CALHOUN","Active":"91,347","Registered":"108,053"},
{"County":"CASS","Active":"35,385","Registered":"44,095"},
{"County":"CHARLEVOIX","Active":"20,828","Registered":"23,754"},
{"County":"CHEBOYGAN","Active":"20,262","Registered":"23,223"},
{"County":"CHIPPEWA","Active":"23,430","Registered":"27,237"},
{"County":"CLARE","Active":"22,421","Registered":"26,129"},
{"County":"CLINTON","Active":"56,503","Registered":"62,964"},
{"County":"CRAWFORD","Active":"10,615","Registered":"12,308"},
{"County":"DELTA","Active":"27,387","Registered":"32,099"},
{"County":"DICKINSON","Active":"18,572","Registered":"23,058"},
{"County":"EATON","Active":"77,758","Registered":"88,144"},
{"County":"EMMET","Active":"26,947","Registered":"30,346"},
{"County":"GENESEE","Active":"289,945","Registered":"347,949"},
{"County":"GLADWIN","Active":"18,905","Registered":"22,195"},
{"County":"GOGEBIC","Active":"10,386","Registered":"13,776"},
{"County":"GRAND TRAVERSE","Active":"72,556","Registered":"81,341"},
{"County":"GRATIOT","Active":"25,208","Registered":"28,783"},
{"County":"HILLSDALE","Active":"30,696","Registered":"37,081"},
{"County":"HOUGHTON","Active":"22,775","Registered":"26,492"},
{"County":"HURON","Active":"22,764","Registered":"26,322"},
{"County":"INGHAM","Active":"178,256","Registered":"210,611"},
{"County":"IONIA","Active":"42,354","Registered":"48,142"},
{"County":"IOSCO","Active":"19,745","Registered":"23,183"},
{"County":"IRON","Active":"8,838","Registered":"10,573"},
{"County":"ISABELLA","Active":"38,674","Registered":"47,661"},
{"County":"JACKSON","Active":"107,112","Registered":"123,967"},
{"County":"KALAMAZOO","Active":"176,312","Registered":"207,607"},
{"County":"KALKASKA","Active":"14,220","Registered":"16,709"},
{"County":"KENT","Active":"444,841","Registered":"503,891"},
{"County":"KEWEENAW","Active":"1,860","Registered":"2,070"},
{"County":"LAKE","Active":"8,671","Registered":"10,538"},
{"County":"LAPEER","Active":"65,150","Registered":"73,143"},
{"County":"LEELANAU","Active":"19,279","Registered":"21,433"},
{"County":"LENAWEE","Active":"66,766","Registered":"79,033"},
{"County":"LIVINGSTON","Active":"148,660","Registered":"163,588"},
{"County":"LUCE","Active":"3,923","Registered":"4,599"},
{"County":"MACKINAC","Active":"8,696","Registered":"10,200"},
{"County":"MACOMB","Active":"622,773","Registered":"703,808"},
{"County":"MANISTEE","Active":"18,602","Registered":"21,479"},
{"County":"MARQUETTE","Active":"46,287","Registered":"54,213"},
{"County":"MASON","Active":"21,910","Registered":"24,946"},
{"County":"MECOSTA","Active":"27,391","Registered":"31,680"},
{"County":"MENOMINEE","Active":"16,375","Registered":"20,332"},
{"County":"MIDLAND","Active":"60,097","Registered":"70,023"},
{"County":"MISSAUKEE","Active":"11,206","Registered":"12,585"},
{"County":"MONROE","Active":"110,071","Registered":"131,805"},
{"County":"MONTCALM","Active":"43,870","Registered":"50,269"},
{"County":"MONTMORENCY","Active":"7,754","Registered":"8,981"},
{"County":"MUSKEGON","Active":"122,612","Registered":"143,209"},
{"County":"NEWAYGO","Active":"36,117","Registered":"41,476"},
{"County":"OAKLAND","Active":"900,880","Registered":"1,031,326"},
{"County":"OCEANA","Active":"18,723","Registered":"21,976"},
{"County":"OGEMAW","Active":"16,071","Registered":"18,414"},
{"County":"ONTONAGON","Active":"4,634","Registered":"5,654"},
{"County":"OSCEOLA","Active":"16,252","Registered":"19,058"},
{"County":"OSCODA","Active":"6,571","Registered":"7,648"},
{"County":"OTSEGO","Active":"19,655","Registered":"23,260"},
{"County":"OTTAWA","Active":"203,557","Registered":"226,109"},
{"County":"PRESQUE ISLE","Active":"10,473","Registered":"11,953"},
{"County":"ROSCOMMON","Active":"19,865","Registered":"23,429"},
{"County":"SAGINAW","Active":"133,000","Registered":"156,620"},
{"County":"ST CLAIR","Active":"117,377","Registered":"135,951"},
{"County":"ST JOSEPH","Active":"38,425","Registered":"48,318"},
{"County":"SANILAC","Active":"28,391","Registered":"32,341"},
{"County":"SCHOOLCRAFT","Active":"6,149","Registered":"7,301"},
{"County":"SHIAWASSEE","Active":"50,086","Registered":"56,978"},
{"County":"TUSCOLA","Active":"37,008","Registered":"42,873"},
{"County":"VAN BUREN","Active":"51,772","Registered":"62,289"},
{"County":"WASHTENAW","Active":"248,877","Registered":"317,749"},
{"County":"WAYNE","Active":"1,165,783","Registered":"1,411,802"},
{"County":"WEXFORD","Active":"24,581","Registered":"28,314"},
{"County":"Total*","Active":"6,969,872","Registered":"8,147,702"}
]
