[
{"District":"Legislative District 1"},
{"District":"Coconino","Precincts":"1","Democratic":"737","Green":"1","Libertarian":"15","No Labels":"11","Republican":"606","Other":"709","Total":"2,079"},
{"District":"Yavapai","Precincts":"54","Democratic":"31,153","Green":"0","Libertarian":"1,340","No Labels":"891","Republican":"82,571","Other":"49,669","Total":"165,624"},
{"District":"Total:","Precincts":"55","Democratic":"31,890","Green":"1","Libertarian":"1,355","No Labels":"902","Republican":"83,177","Other":"50,378","Total":"167,703"},
{"District":"Legislative District 2"},
{"District":"Maricopa","Precincts":"48","Democratic":"34,319","Green":"90","Libertarian":"1,281","No Labels":"864","Republican":"43,389","Other":"44,824","Total":"124,767"},
{"District":"Total:","Precincts":"48","Democratic":"34,319","Green":"90","Libertarian":"1,281","No Labels":"864","Republican":"43,389","Other":"44,824","Total":"124,767"},
{"District":"Legislative District 3"},
{"District":"Maricopa","Precincts":"58","Democratic":"34,353","Green":"65","Libertarian":"1,147","No Labels":"667","Republican":"81,708","Other":"55,024","Total":"172,964"},
{"District":"Total:","Precincts":"58","Democratic":"34,353","Green":"65","Libertarian":"1,147","No Labels":"667","Republican":"81,708","Other":"55,024","Total":"172,964"},
{"District":"Legislative District 4"},
{"District":"Maricopa","Precincts":"70","Democratic":"43,969","Green":"98","Libertarian":"1,292","No Labels":"953","Republican":"63,226","Other":"52,980","Total":"162,518"},
{"District":"Total:","Precincts":"70","Democratic":"43,969","Green":"98","Libertarian":"1,292","No Labels":"953","Republican":"63,226","Other":"52,980","Total":"162,518"},
{"District":"Legislative District 5"},
{"District":"Maricopa","Precincts":"54","Democratic":"50,896","Green":"136","Libertarian":"1,044","No Labels":"965","Republican":"25,476","Other":"40,185","Total":"118,702"},
{"District":"Total:","Precincts":"54","Democratic":"50,896","Green":"136","Libertarian":"1,044","No Labels":"965","Republican":"25,476","Other":"40,185","Total":"118,702"},
{"District":"Legislative District 6"},
{"District":"Apache","Precincts":"44","Democratic":"26,830","Green":"15","Libertarian":"229","No Labels":"126","Republican":"10,720","Other":"13,792","Total":"51,712"},
{"District":"Coconino","Precincts":"49","Democratic":"23,927","Green":"97","Libertarian":"451","No Labels":"323","Republican":"13,059","Other":"17,815","Total":"55,672"},
{"District":"Gila","Precincts":"3","Democratic":"2,052","Green":"0","Libertarian":"8","No Labels":"11","Republican":"256","Other":"1,060","Total":"3,387"},
{"District":"Graham","Precincts":"2","Democratic":"1,274","Green":"0","Libertarian":"4","No Labels":"6","Republican":"171","Other":"623","Total":"2,078"},
{"District":"Mohave","Precincts":"2","Democratic":"259","Green":"0","Libertarian":"4","No Labels":"3","Republican":"102","Other":"366","Total":"734"},
{"District":"Navajo","Precincts":"11","Democratic":"18,844","Green":"0","Libertarian":"158","No Labels":"124","Republican":"4,824","Other":"10,333","Total":"34,283"},
{"District":"Pinal","Precincts":"1","Democratic":"0","Green":"0","Libertarian":"0","No Labels":"0","Republican":"0","Other":"0","Total":"0"},
{"District":"Total:","Precincts":"112","Democratic":"73,186","Green":"112","Libertarian":"854","No Labels":"593","Republican":"29,132","Other":"43,989","Total":"147,866"},
{"District":"Legislative District 7"},
{"District":"Coconino","Precincts":"25","Democratic":"9,862","Green":"48","Libertarian":"285","No Labels":"270","Republican":"8,865","Other":"9,877","Total":"29,207"},
{"District":"Gila","Precincts":"36","Democratic":"6,070","Green":"0","Libertarian":"218","No Labels":"127","Republican":"15,619","Other":"8,220","Total":"30,254"},
{"District":"Navajo","Precincts":"10","Democratic":"4,682","Green":"0","Libertarian":"291","No Labels":"203","Republican":"21,566","Other":"9,829","Total":"36,571"},
{"District":"Pinal","Precincts":"27","Democratic":"12,928","Green":"1","Libertarian":"443","No Labels":"318","Republican":"24,373","Other":"20,602","Total":"58,665"},
{"District":"Total:","Precincts":"98","Democratic":"33,542","Green":"49","Libertarian":"1,237","No Labels":"918","Republican":"70,423","Other":"48,528","Total":"154,697"},
{"District":"Legislative District 8"},
{"District":"Maricopa","Precincts":"57","Democratic":"38,771","Green":"128","Libertarian":"1,183","No Labels":"1,161","Republican":"27,424","Other":"42,047","Total":"110,714"},
{"District":"Total:","Precincts":"57","Democratic":"38,771","Green":"128","Libertarian":"1,183","No Labels":"1,161","Republican":"27,424","Other":"42,047","Total":"110,714"},
{"District":"Legislative District 9"},
{"District":"Maricopa","Precincts":"39","Democratic":"31,616","Green":"104","Libertarian":"1,119","No Labels":"825","Republican":"33,586","Other":"39,253","Total":"106,503"},
{"District":"Total:","Precincts":"39","Democratic":"31,616","Green":"104","Libertarian":"1,119","No Labels":"825","Republican":"33,586","Other":"39,253","Total":"106,503"},
{"District":"Legislative District 10"},
{"District":"Maricopa","Precincts":"43","Democratic":"29,010","Green":"76","Libertarian":"1,058","No Labels":"726","Republican":"56,709","Other":"43,843","Total":"131,422"},
{"District":"Pinal","Precincts":"3","Democratic":"1,382","Green":"0","Libertarian":"52","No Labels":"53","Republican":"2,824","Other":"2,800","Total":"7,111"},
{"District":"Total:","Precincts":"46","Democratic":"30,392","Green":"76","Libertarian":"1,110","No Labels":"779","Republican":"59,533","Other":"46,643","Total":"138,533"},
{"District":"Legislative District 11"},
{"District":"Maricopa","Precincts":"37","Democratic":"49,415","Green":"79","Libertarian":"722","No Labels":"863","Republican":"14,835","Other":"40,947","Total":"106,861"},
{"District":"Total:","Precincts":"37","Democratic":"49,415","Green":"79","Libertarian":"722","No Labels":"863","Republican":"14,835","Other":"40,947","Total":"106,861"},
{"District":"Legislative District 12"},
{"District":"Maricopa","Precincts":"48","Democratic":"48,357","Green":"111","Libertarian":"1,301","No Labels":"952","Republican":"43,038","Other":"50,544","Total":"144,303"},
{"District":"Total:","Precincts":"48","Democratic":"48,357","Green":"111","Libertarian":"1,301","No Labels":"952","Republican":"43,038","Other":"50,544","Total":"144,303"},
{"District":"Legislative District 13"},
{"District":"Maricopa","Precincts":"45","Democratic":"39,904","Green":"80","Libertarian":"1,178","No Labels":"891","Republican":"50,868","Other":"51,792","Total":"144,713"},
{"District":"Total:","Precincts":"45","Democratic":"39,904","Green":"80","Libertarian":"1,178","No Labels":"891","Republican":"50,868","Other":"51,792","Total":"144,713"},
{"District":"Legislative District 14"},
{"District":"Maricopa","Precincts":"44","Democratic":"32,961","Green":"65","Libertarian":"1,348","No Labels":"868","Republican":"62,987","Other":"50,962","Total":"149,191"},
{"District":"Total:","Precincts":"44","Democratic":"32,961","Green":"65","Libertarian":"1,348","No Labels":"868","Republican":"62,987","Other":"50,962","Total":"149,191"},
{"District":"Legislative District 15"},
{"District":"Maricopa","Precincts":"26","Democratic":"17,233","Green":"28","Libertarian":"816","No Labels":"552","Republican":"41,518","Other":"29,449","Total":"89,596"},
{"District":"Pinal","Precincts":"19","Democratic":"13,607","Green":"0","Libertarian":"715","No Labels":"545","Republican":"29,796","Other":"26,167","Total":"70,830"},
{"District":"Total:","Precincts":"45","Democratic":"30,840","Green":"28","Libertarian":"1,531","No Labels":"1,097","Republican":"71,314","Other":"55,616","Total":"160,426"},
{"District":"Legislative District 16"},
{"District":"Maricopa","Precincts":"2","Democratic":"591","Green":"2","Libertarian":"9","No Labels":"7","Republican":"76","Other":"616","Total":"1,301"},
{"District":"Pima","Precincts":"17","Democratic":"8,760","Green":"22","Libertarian":"204","No Labels":"102","Republican":"7,671","Other":"7,618","Total":"24,377"},
{"District":"Pinal","Precincts":"53","Democratic":"31,022","Green":"0","Libertarian":"867","No Labels":"937","Republican":"36,598","Other":"45,462","Total":"114,886"},
{"District":"Total:","Precincts":"72","Democratic":"40,373","Green":"24","Libertarian":"1,080","No Labels":"1,046","Republican":"44,345","Other":"53,696","Total":"140,564"},
{"District":"Legislative District 17"},
{"District":"Pima","Precincts":"63","Democratic":"47,412","Green":"122","Libertarian":"1,279","No Labels":"736","Republican":"61,332","Other":"52,009","Total":"162,890"},
{"District":"Pinal","Precincts":"5","Democratic":"3,148","Green":"0","Libertarian":"65","No Labels":"32","Republican":"5,529","Other":"3,888","Total":"12,662"},
{"District":"Total:","Precincts":"68","Democratic":"50,560","Green":"122","Libertarian":"1,344","No Labels":"768","Republican":"66,861","Other":"55,897","Total":"175,552"},
{"District":"Legislative District 18"},
{"District":"Pima","Precincts":"65","Democratic":"62,445","Green":"189","Libertarian":"1,216","No Labels":"902","Republican":"42,234","Other":"48,541","Total":"155,527"},
{"District":"Total:","Precincts":"65","Democratic":"62,445","Green":"189","Libertarian":"1,216","No Labels":"902","Republican":"42,234","Other":"48,541","Total":"155,527"},
{"District":"Legislative District 19"},
{"District":"Cochise","Precincts":"48","Democratic":"15,910","Green":"35","Libertarian":"594","No Labels":"385","Republican":"28,007","Other":"24,358","Total":"69,289"},
{"District":"Graham","Precincts":"21","Democratic":"3,227","Green":"8","Libertarian":"115","No Labels":"60","Republican":"9,997","Other":"4,723","Total":"18,130"},
{"District":"Greenlee","Precincts":"6","Democratic":"1,398","Green":"2","Libertarian":"51","No Labels":"30","Republican":"1,790","Other":"1,514","Total":"4,785"},
{"District":"Pima","Precincts":"17","Democratic":"13,780","Green":"20","Libertarian":"297","No Labels":"180","Republican":"19,718","Other":"15,626","Total":"49,621"},
{"District":"Santa Cruz","Precincts":"3","Democratic":"859","Green":"0","Libertarian":"30","No Labels":"3","Republican":"898","Other":"775","Total":"2,565"},
{"District":"Total:","Precincts":"95","Democratic":"35,174","Green":"65","Libertarian":"1,087","No Labels":"658","Republican":"60,410","Other":"46,996","Total":"144,390"},
{"District":"Legislative District 20"},
{"District":"Pima","Precincts":"56","Democratic":"58,211","Green":"236","Libertarian":"829","No Labels":"766","Republican":"17,249","Other":"40,727","Total":"118,018"},
{"District":"Total:","Precincts":"56","Democratic":"58,211","Green":"236","Libertarian":"829","No Labels":"766","Republican":"17,249","Other":"40,727","Total":"118,018"},
{"District":"Legislative District 21"},
{"District":"Cochise","Precincts":"7","Democratic":"2,541","Green":"12","Libertarian":"51","No Labels":"39","Republican":"1,617","Other":"2,151","Total":"6,411"},
{"District":"Pima","Precincts":"42","Democratic":"37,582","Green":"139","Libertarian":"760","No Labels":"631","Republican":"20,699","Other":"33,521","Total":"93,332"},
{"District":"Santa Cruz","Precincts":"21","Democratic":"13,106","Green":"11","Libertarian":"141","No Labels":"103","Republican":"4,211","Other":"10,454","Total":"28,026"},
{"District":"Total:","Precincts":"70","Democratic":"53,229","Green":"162","Libertarian":"952","No Labels":"773","Republican":"26,527","Other":"46,126","Total":"127,769"},
{"District":"Legislative District 22"},
{"District":"Maricopa","Precincts":"40","Democratic":"40,523","Green":"59","Libertarian":"705","No Labels":"1,119","Republican":"18,144","Other":"41,230","Total":"101,780"},
{"District":"Total:","Precincts":"40","Democratic":"40,523","Green":"59","Libertarian":"705","No Labels":"1,119","Republican":"18,144","Other":"41,230","Total":"101,780"},
{"District":"Legislative District 23"},
{"District":"Maricopa","Precincts":"20","Democratic":"11,116","Green":"18","Libertarian":"352","No Labels":"406","Republican":"13,240","Other":"15,158","Total":"40,290"},
{"District":"Pima","Precincts":"18","Democratic":"10,244","Green":"29","Libertarian":"173","No Labels":"157","Republican":"4,411","Other":"8,114","Total":"23,128"},
{"District":"Pinal","Precincts":"1","Democratic":"132","Green":"0","Libertarian":"0","No Labels":"0","Republican":"9","Other":"74","Total":"215"},
{"District":"Yuma","Precincts":"26","Democratic":"20,839","Green":"0","Libertarian":"303","No Labels":"326","Republican":"10,792","Other":"23,704","Total":"55,964"},
{"District":"Total:","Precincts":"65","Democratic":"42,331","Green":"47","Libertarian":"828","No Labels":"889","Republican":"28,452","Other":"47,050","Total":"119,597"},
{"District":"Legislative District 24"},
{"District":"Maricopa","Precincts":"38","Democratic":"33,254","Green":"48","Libertarian":"624","No Labels":"619","Republican":"15,805","Other":"33,686","Total":"84,036"},
{"District":"Total:","Precincts":"38","Democratic":"33,254","Green":"48","Libertarian":"624","No Labels":"619","Republican":"15,805","Other":"33,686","Total":"84,036"},
{"District":"Legislative District 25"},
{"District":"Maricopa","Precincts":"44","Democratic":"22,124","Green":"40","Libertarian":"848","No Labels":"834","Republican":"38,623","Other":"35,911","Total":"98,380"},
{"District":"Yuma","Precincts":"21","Democratic":"9,495","Green":"0","Libertarian":"345","No Labels":"304","Republican":"20,710","Other":"16,802","Total":"47,656"},
{"District":"Total:","Precincts":"65","Democratic":"31,619","Green":"40","Libertarian":"1,193","No Labels":"1,138","Republican":"59,333","Other":"52,713","Total":"146,036"},
{"District":"Legislative District 26"},
{"District":"Maricopa","Precincts":"34","Democratic":"32,041","Green":"68","Libertarian":"569","No Labels":"576","Republican":"13,185","Other":"30,167","Total":"76,606"},
{"District":"Total:","Precincts":"34","Democratic":"32,041","Green":"68","Libertarian":"569","No Labels":"576","Republican":"13,185","Other":"30,167","Total":"76,606"},
{"District":"Legislative District 27"},
{"District":"Maricopa","Precincts":"51","Democratic":"35,766","Green":"93","Libertarian":"1,220","No Labels":"967","Republican":"48,333","Other":"46,268","Total":"132,647"},
{"District":"Total:","Precincts":"51","Democratic":"35,766","Green":"93","Libertarian":"1,220","No Labels":"967","Republican":"48,333","Other":"46,268","Total":"132,647"},
{"District":"Legislative District 28"},
{"District":"Maricopa","Precincts":"59","Democratic":"35,235","Green":"56","Libertarian":"967","No Labels":"626","Republican":"74,799","Other":"49,414","Total":"161,097"},
{"District":"Total:","Precincts":"59","Democratic":"35,235","Green":"56","Libertarian":"967","No Labels":"626","Republican":"74,799","Other":"49,414","Total":"161,097"},
{"District":"Legislative District 29"},
{"District":"Maricopa","Precincts":"47","Democratic":"34,838","Green":"77","Libertarian":"1,032","No Labels":"1,052","Republican":"54,832","Other":"50,532","Total":"142,363"},
{"District":"Total:","Precincts":"47","Democratic":"34,838","Green":"77","Libertarian":"1,032","No Labels":"1,052","Republican":"54,832","Other":"50,532","Total":"142,363"},
{"District":"Legislative District 30"},
{"District":"La Paz","Precincts":"11","Democratic":"2,106","Green":"4","Libertarian":"61","No Labels":"95","Republican":"5,350","Other":"4,168","Total":"11,784"},
{"District":"Maricopa","Precincts":"2","Democratic":"765","Green":"2","Libertarian":"50","No Labels":"26","Republican":"3,344","Other":"1,736","Total":"5,923"},
{"District":"Mohave","Precincts":"22","Democratic":"18,905","Green":"0","Libertarian":"972","No Labels":"600","Republican":"78,141","Other":"47,033","Total":"145,651"},
{"District":"Yavapai","Precincts":"3","Democratic":"154","Green":"0","Libertarian":"7","No Labels":"6","Republican":"947","Other":"393","Total":"1,507"},
{"District":"Total:","Precincts":"38","Democratic":"21,930","Green":"6","Libertarian":"1,090","No Labels":"727","Republican":"87,782","Other":"53,330","Total":"164,865"},
{"District":"State Total:","Precincts":"1719","Democratic":"1,211,940","Green":"2,514","Libertarian":"32,438","No Labels":"25,924","Republican":"1,418,407","Other":"1,410,085","Total":"4,101,308"}
]
