[
  [
    "County",
    "Registered",
    "Registered",
    "Registered",
    "Registered",
    "Registered",
    "Registered"
  ],
  [
    "Voters",
    "Voters",
    "Voters",
    "Voters",
    "Voters",
    "Voters"
  ],
  [
    "ALCONA",
    "8,842",
    "10,308"
  ],
  [
    "ALGER",
    "6,319",
    "7,552"
  ],
  [
    "ALLEGAN",
    "85,317",
    "96,928"
  ],
  [
    "ALPENA",
    "21,206",
    "24,840"
  ],
  [
    "ANTRIM",
    "19,869",
    "22,630"
  ],
  [
    "ARENAC",
    "11,350",
    "13,035"
  ],
  [
    "BARAGA",
    "5,424",
    "6,749"
  ],
  [
    "BARRY",
    "45,694",
    "51,279"
  ],
  [
    "BAY",
    "75,503",
    "85,699"
  ],
  [
    "BENZIE",
    "14,843",
    "16,690"
  ],
  [
    "BERRIEN",
    "106,401",
    "131,270"
  ],
  [
    "BRANCH",
    "27,862",
    "34,256"
  ],
  [
    "CALHOUN",
    "91,347",
    "108,053"
  ],
  [
    "CASS",
    "35,385",
    "44,095"
  ],
  [
    "CHARLEVOIX",
    "20,828",
    "23,754"
  ],
  [
    "CHEBOYGAN",
    "20,262",
    "23,223"
  ],
  [
    "CHIPPEWA",
    "23,430",
    "27,237"
  ],
  [
    "CLARE",
    "22,421",
    "26,129"
  ],
  [
    "CLINTON",
    "56,503",
    "62,964"
  ],
  [
    "CRAWFORD",
    "10,615",
    "12,308"
  ],
  [
    "DELTA",
    "27,387",
    "32,099"
  ],
  [
    "DICKINSON",
    "18,572",
    "23,058"
  ],
  [
    "EATON",
    "77,758",
    "88,144"
  ],
  [
    "EMMET",
    "26,947",
    "30,346"
  ],
  [
    "GENESEE",
    "289,945",
    "347,949"
  ],
  [
    "GLADWIN",
    "18,905",
    "22,195"
  ],
  [
    "GOGEBIC",
    "10,386",
    "13,776"
  ],
  [
    "GRAND TRAVERSE",
    "72,556",
    "81,341"
  ],
  [
    "GRATIOT",
    "25,208",
    "28,783"
  ],
  [
    "HILLSDALE",
    "30,696",
    "37,081"
  ],
  [
    "HOUGHTON",
    "22,775",
    "26,492"
  ],
  [
    "HURON",
    "22,764",
    "26,322"
  ],
  [
    "INGHAM",
    "178,256",
    "210,611"
  ],
  [
    "IONIA",
    "42,354",
    "48,142"
  ],
  [
    "IOSCO",
    "19,745",
    "23,183"
  ],
  [
    "IRON",
    "8,838",
    "10,573"
  ],
  [
    "ISABELLA",
    "38,674",
    "47,661"
  ],
  [
    "JACKSON",
    "107,112",
    "123,967"
  ],
  [
    "KALAMAZOO",
    "176,312",
    "207,607"
  ],
  [
    "KALKASKA",
    "14,220",
    "16,709"
  ],
  [
    "KENT",
    "444,841",
    "503,891"
  ],
  [
    "KEWEENAW",
    "1,860",
    "2,070"
  ],
  [
    "LAKE",
    "8,671",
    "10,538"
  ],
  [
    "LAPEER",
    "65,150",
    "73,143"
  ],
  [
    "LEELANAU",
    "19,279",
    "21,433"
  ],
  [
    "LENAWEE",
    "66,766",
    "79,033"
  ],
  [
    "LIVINGSTON",
    "148,660",
    "163,588"
  ],
  [
    "LUCE",
    "3,923",
    "4,599"
  ],
  [
    "MACKINAC",
    "8,696",
    "10,200"
  ],
  [
    "MACOMB",
    "622,773",
    "703,808"
  ],
  [
    "MANISTEE",
    "18,602",
    "21,479"
  ],
  [
    "MARQUETTE",
    "46,287",
    "54,213"
  ],
  [
    "MASON",
    "21,910",
    "24,946"
  ],
  [
    "MECOSTA",
    "27,391",
    "31,680"
  ],
  [
    "MENOMINEE",
    "16,375",
    "20,332"
  ],
  [
    "MIDLAND",
    "60,097",
    "70,023"
  ],
  [
    "MISSAUKEE",
    "11,206",
    "12,585"
  ],
  [
    "MONROE",
    "110,071",
    "131,805"
  ],
  [
    "MONTCALM",
    "43,870",
    "50,269"
  ],
  [
    "MONTMORENCY",
    "7,754",
    "8,981"
  ],
  [
    "MUSKEGON",
    "122,612",
    "143,209"
  ],
  [
    "NEWAYGO",
    "36,117",
    "41,476"
  ],
  [
    "OAKLAND",
    "900,880",
    "1,031,326"
  ],
  [
    "OCEANA",
    "18,723",
    "21,976"
  ],
  [
    "OGEMAW",
    "16,071",
    "18,414"
  ],
  [
    "ONTONAGON",
    "4,634",
    "5,654"
  ],
  [
    "OSCEOLA",
    "16,252",
    "19,058"
  ],
  [
    "OSCODA",
    "6,571",
    "7,648"
  ],
  [
    "OTSEGO",
    "19,655",
    "23,260"
  ],
  [
    "OTTAWA",
    "203,557",
    "226,109"
  ],
  [
    "PRESQUE ISLE",
    "10,473",
    "11,953"
  ],
  [
    "ROSCOMMON",
    "19,865",
    "23,429"
  ],
  [
    "SAGINAW",
    "133,000",
    "156,620"
  ],
  [
    "ST CLAIR",
    "117,377",
    "135,951"
  ],
  [
    "ST JOSEPH",
    "38,425",
    "48,318"
  ],
  [
    "SANILAC",
    "28,391",
    "32,341"
  ],
  [
    "SCHOOLCRAFT",
    "6,149",
    "7,301"
  ],
  [
    "SHIAWASSEE",
    "50,086",
    "56,978"
  ],
  [
    "TUSCOLA",
    "37,008",
    "42,873"
  ],
  [
    "VAN BUREN",
    "51,772",
    "62,289"
  ],
  [
    "WASHTENAW",
    "248,877",
    "317,749"
  ],
  [
    "WAYNE",
    "1,165,783",
    "1,411,802"
  ],
  [
    "WEXFORD",
    "24,581",
    "28,314"
  ],
  [
    "Total*",
    "6,969,872",
    "8,147,702"
  ]
]