[
  [
    "Name",
    "Type",
    "Length/ Decimals",
    "Description"
  ],
  [
    "Feature ID",
    "Number",
    "10",
    "The Feature ID number for the governmental unit."
  ],
  [
    "Unit Type",
    "Character",
    "50",
    "The type of government unit. Values are County, State, Country."
  ],
  [
    "County Numeric",
    "Character",
    "3",
    "The unique three number code and name for a county or county equivalent as specified in INCITS 31:200x, (Formerly FIPS 6-4)"
  ],
  [
    "County Name",
    "Character",
    "100",
    "Codes for the Identification of Counties and Equivalent Entities of the United States, its Possessions, and Insular Areas"
  ],
  [
    "State Numeric",
    "Character",
    "2",
    "1) The unique two number code for a US State as specified in INCITS 38:200x, (Formerly FIPS 5-2) Codes for the Identification of the States, the District of Columbia, Puerto Rico, and the Insular Areas of the United States, or 2) The unique two number code for a principle administrative division of countries other than the United States as specified in FIPS PUB 10-4, Countries, Dependencies, Areas Of Special Sovereignty, And Their Principal Administrative Divisions."
  ],
  [
    "State Alpha",
    "Character",
    "2",
    "The unique two letter code for a US State as specified in INCITS 38:200x, (Formerly FIPS 5-2) Codes for the Identification of the States, the District of Columbia, Puerto Rico, and the Insular Areas of the United States."
  ],
  [
    "State Name",
    "Character",
    "100",
    "1) The name of a US State as specified in INCITS 38:200x, (Formerly FIPS 5-2) Codes for the Identification of the States, the District of Columbia, Puerto Rico, and the Insular Areas of the United States, or 2) The name of a principle administrative division of countries other than the United States as specified in FIPS PUB 10-4, Countries, Dependencies, Areas Of Special Sovereignty, And Their Principal Administrative Divisions."
  ],
  [
    "Country Alpha",
    "Character",
    "2",
    "The unique two letter code and name of a country as specified in Federal Information Processing Standards Publication (FIPS PUB) 10-4, Countries, Dependencies, Areas of Special Sovereignty, And Their Principal Administrative Divisions."
  ],
  [
    "Country Name",
    "Character",
    "100"
  ],
  [
    "Feature Name",
    "Character",
    "120",
    "Official feature name"
  ]
]
