[
  [
    "Page: 1",
    "STATE OF ARIZONA REGISTRATION REPORT"
  ],
  [
    "2024 Jan Voter Registration - January 02, 2024"
  ],
  [
    "Compiled and Issued by the Arizona Secretary of State "
  ],
  [
    "Active"
  ],
  [
    "County Precincts Date/Period Democratic Green Libertarian No Labels Republican Other Total "
  ],
  [
    "Apache 44 JUL 2023 27,462 * 225 29 10,808 13,773 52,297 "
  ],
  [
    "44 OCT 2023 27,145 * 231 97 10,735 13,809 52,017 44",
    "JAN 2024 26,830 15 229 126 10,720 13,792 51,712 "
  ],
  [
    "Cochise 55 JUL 2023 19,023 * 644 129 30,069 27,120 76,985 "
  ],
  [
    "55 OCT 2023 18,943 * 650 306 30,155 27,257 77,311 55",
    "JAN 2024 18,451 47 645 424 29,624 26,509 75,700 "
  ],
  [
    "Coconino 75 JUL 2023 35,334 * 769 169 22,701 28,834 87,807 "
  ],
  [
    "75 OCT 2023 34,795 * 741 420 22,536 28,516 87,008 75",
    "JAN 2024 34,526 146 751 604 22,530 28,401 86,958 "
  ],
  [
    "Gila 39 JUL 2023 8,338 * 229 51 16,293 9,509 34,420 "
  ],
  [
    "39 OCT 2023 8,179 * 221 95 15,904 9,333 33,732 39",
    "JAN 2024 8,122 0 226 138 15,875 9,280 33,641 "
  ],
  [
    "Graham 23 JUL 2023 4,517 * 113 15 10,044 5,201 19,890 "
  ],
  [
    "23 OCT 2023 4,506 * 114 42 10,121 5,308 20,091 23",
    "JAN 2024 4,501 8 119 66 10,168 5,346 20,208 "
  ],
  [
    "Greenlee 8 JUL 2023 1,424 * 49 7 1,771 1,470 4,721 "
  ],
  [
    "8 OCT 2023 1,412 * 52 19 1,776 1,490 4,749 6",
    "JAN 2024 1,398 2 51 30 1,790 1,514 4,785 "
  ],
  [
    "La Paz 11 JUL 2023 2,122 * 68 23 5,261 4,121 11,595 "
  ],
  [
    "11 OCT 2023 2,124 * 69 47 5,326 4,190 11,756 11",
    "JAN 2024 2,106 4 61 95 5,350 4,168 11,784 "
  ],
  [
    "Maricopa 906 JUL 2023 733,721 * 21,013 5,483 852,868 880,265 2,493,350 "
  ],
  [
    "906 OCT 2023 730,462 * 21,042 11,975 853,264 888,077 2,504,820 906",
    "JAN 2024 697,057 1,523 19,865 16,519 825,145 846,568 2,406,677 "
  ],
  [
    "Mohave 24 JUL 2023 19,140 * 967 201 75,767 47,549 143,624 "
  ],
  [
    "24 OCT 2023 19,017 * 975 398 76,398 48,103 144,891 24",
    "JAN 2024 19,164 0 976 603 78,243 47,399 146,385 "
  ],
  [
    "Navajo 14 JUL 2023 23,795 * 437 94 25,770 19,879 69,975 "
  ],
  [
    "14 OCT 2023 23,638 * 445 250 25,981 20,143 70,457 21",
    "JAN 2024 23,526 0 449 327 26,390 20,162 70,854 "
  ],
  [
    "Pima 278 JUL 2023 245,367 * 4,915 1,118 176,408 211,001 638,809 "
  ],
  [
    "278 OCT 2023 243,142 * 4,856 2,552 175,106 210,763 636,419 278",
    "JAN 2024 238,434 757 4,758 3,474 173,314 206,156 626,893 "
  ],
  [
    "Pinal 109 JUL 2023 62,701 * 2,109 599 97,926 97,624 260,959 "
  ],
  [
    "109 OCT 2023 62,965 * 2,136 1,380 98,955 99,272 264,708 109",
    "JAN 2024 62,219 1 2,142 1,885 99,129 98,993 264,369 "
  ],
  [
    "Santa Cruz ",
    "24 JUL 2023 14,128 * 171 21 5,045 10,885 30,250 24",
    "OCT 2023 14,045 * 172 69 5,068 11,103 30,457 "
  ],
  [
    "24 JAN 2024 13,965 11 171 106 5,109 11,229 30,591 "
  ],
  [
    "Yavapai 48 JUL 2023 31,789 * 1,349 329 81,917 52,035 167,419 "
  ],
  [
    "48 OCT 2023 31,422 * 1,364 684 82,144 52,119 167,733 57",
    "JAN 2024 31,307 0 1,347 897 83,518 50,062 167,131 "
  ],
  [
    "Yuma 47 JUL 2023 31,798 * 680 237 32,479 41,431 106,625 "
  ],
  [
    "47 OCT 2023 30,835 * 645 465 31,484 39,949 103,378 47",
    "JAN 2024 30,334 0 648 630 31,502 40,506 103,620 "
  ],
  [
    "Totals: 1,705 JUL 2023 1,260,659 * 33,738 8,505 1,445,127 1,450,697 4,198,726 "
  ],
  [
    "1,705 OCT 2023 1,252,630 * 33,713 18,799 1,444,953 1,459,432 4,209,527 1,719",
    "JAN 2024 1,211,940 2,514 32,438 25,924 1,418,407 1,410,085 4,101,308 "
  ],
  [
    "Percentages: JUL 2023 30.02 * 0.80 0.20 34.42 34.55 "
  ],
  [
    "OCT 2023 29.76 * 0.80 0.45 34.33 34.67 JAN",
    "2024 29.55 0.06 0.79 0.63 34.58 34.38 "
  ],
  [
    "*Party was not a recognized party "
  ],
  [
    "Page: 2",
    "STATE OF ARIZONA REGISTRATION REPORT"
  ],
  [
    "2024 Jan Voter Registration - January 02, 2024"
  ],
  [
    "Compiled and Issued by the Arizona Secretary of State "
  ],
  [
    "Active"
  ],
  [
    "Precincts Democratic Green Libertarian No Labels Republican Other Total ",
    "District "
  ],
  [
    "Congressional District 1 "
  ],
  [
    "Maricopa ",
    "206 135,345 298 3,867 2,809 184,694 163,584 490,597 "
  ],
  [
    "Total: ",
    "206 135,345 298 3,867 2,809 184,694 163,584 490,597 "
  ],
  [
    "Congressional District 2 "
  ],
  [
    "Apache ",
    "44 26,830 15 229 126 10,720 13,792 51,712 "
  ],
  [
    "Coconino ",
    "75 34,526 146 751 604 22,530 28,401 86,958 "
  ],
  [
    "Gila ",
    "39 8,122 0 226 138 15,875 9,280 33,641 "
  ],
  [
    "Graham ",
    "2 1,274 0 4 6 171 623 2,078 "
  ],
  [
    "Maricopa ",
    "3 596 2 9 9 78 634 1,328 "
  ],
  [
    "Mohave ",
    "2 259 0 4 3 102 366 734 "
  ],
  [
    "Navajo ",
    "21 23,526 0 449 327 26,390 20,162 70,854 "
  ],
  [
    "Pinal ",
    "50 27,843 1 836 786 37,401 41,802 108,669 "
  ],
  [
    "Yavapai ",
    "57 31,307 0 1,347 897 83,518 50,062 167,131 "
  ],
  [
    "Total: ",
    "293 154,283 164 3,855 2,896 196,785 165,122 523,105 "
  ],
  [
    "Congressional District 3 "
  ],
  [
    "Maricopa ",
    "123 138,373 249 2,197 2,599 42,674 119,240 305,332 "
  ],
  [
    "Total: ",
    "123 138,373 249 2,197 2,599 42,674 119,240 305,332 "
  ],
  [
    "Congressional District 4 "
  ],
  [
    "Maricopa ",
    "146 126,080 352 3,976 3,095 130,439 146,851 410,793 "
  ],
  [
    "Total: ",
    "146 126,080 352 3,976 3,095 130,439 146,851 410,793 "
  ],
  [
    "Congressional District 5 "
  ],
  [
    "Maricopa ",
    "120 91,695 182 3,470 2,340 168,048 138,006 403,741 "
  ],
  [
    "Pinal ",
    "30 19,674 0 961 739 43,170 37,968 102,512 "
  ],
  [
    "Total: ",
    "150 111,369 182 4,431 3,079 211,218 175,974 506,253 "
  ],
  [
    "Congressional District 6 "
  ],
  [
    "Cochise ",
    "43 11,302 32 561 341 26,640 20,352 59,228 "
  ],
  [
    "Graham ",
    "21 3,227 8 115 60 9,997 4,723 18,130 "
  ],
  [
    "Greenlee ",
    "6 1,398 2 51 30 1,790 1,514 4,785 "
  ],
  [
    "Pima ",
    "155 129,989 342 2,906 1,957 126,174 121,782 383,150 "
  ],
  [
    "Pinal ",
    "25 13,845 0 310 325 17,239 17,796 49,515 "
  ],
  [
    "Total: ",
    "250 159,761 384 3,943 2,713 181,840 166,167 514,808 "
  ],
  [
    "Congressional District 7 "
  ],
  [
    "Cochise ",
    "12 7,149 15 84 83 2,984 6,157 16,472 "
  ],
  [
    "Maricopa ",
    "23 19,738 26 375 549 10,175 20,339 51,202 "
  ],
  [
    "Pima ",
    "123 108,445 415 1,852 1,517 47,140 84,374 243,743 "
  ],
  [
    "Pinal ",
    "4 857 0 35 35 1,319 1,427 3,673 "
  ],
  [
    "Santa Cruz ",
    "24 13,965 11 171 106 5,109 11,229 30,591 "
  ],
  [
    "Yuma ",
    "27 21,219 0 309 334 11,091 24,164 57,117 "
  ],
  [
    "Total: ",
    "213 171,373 467 2,826 2,624 77,818 147,690 402,798 "
  ],
  [
    "Congressional District 8 "
  ],
  [
    "Maricopa ",
    "173 114,482 274 3,607 2,662 184,252 154,082 459,359 "
  ],
  [
    "Total: ",
    "173 114,482 274 3,607 2,662 184,252 154,082 459,359 "
  ],
  [
    "Congressional District 9 "
  ],
  [
    "La Paz ",
    "11 2,106 4 61 95 5,350 4,168 11,784 "
  ],
  [
    "Maricopa ",
    "112 70,748 140 2,364 2,456 104,785 103,832 284,325 "
  ],
  [
    "Mohave ",
    "22 18,905 0 972 600 78,141 47,033 145,651 "
  ],
  [
    "Yuma ",
    "20 9,115 0 339 296 20,411 16,342 46,503 "
  ],
  [
    "Total:",
    "165 100,874 144 3,736 3,447 208,687 171,375 488,263 "
  ],
  [
    "Page: 3",
    "STATE OF ARIZONA REGISTRATION REPORT"
  ],
  [
    "2024 Jan Voter Registration - January 02, 2024"
  ],
  [
    "Compiled and Issued by the Arizona Secretary of State "
  ],
  [
    "Active"
  ],
  [
    "Precincts Democratic Green Libertarian No Labels Republican Other Total ",
    "District "
  ],
  [
    "Legislative District 1 "
  ],
  [
    "Coconino ",
    "1 737 1 15 11 606 709 2,079 "
  ],
  [
    "Yavapai ",
    "54 31,153 0 1,340 891 82,571 49,669 165,624 "
  ],
  [
    "Total: ",
    "55 31,890 1 1,355 902 83,177 50,378 167,703 "
  ],
  [
    "Legislative District 2 "
  ],
  [
    "Maricopa ",
    "48 34,319 90 1,281 864 43,389 44,824 124,767 "
  ],
  [
    "Total: ",
    "48 34,319 90 1,281 864 43,389 44,824 124,767 "
  ],
  [
    "Legislative District 3 "
  ],
  [
    "Maricopa ",
    "58 34,353 65 1,147 667 81,708 55,024 172,964 "
  ],
  [
    "Total: ",
    "58 34,353 65 1,147 667 81,708 55,024 172,964 "
  ],
  [
    "Legislative District 4 "
  ],
  [
    "Maricopa ",
    "70 43,969 98 1,292 953 63,226 52,980 162,518 "
  ],
  [
    "Total: ",
    "70 43,969 98 1,292 953 63,226 52,980 162,518 "
  ],
  [
    "Legislative District 5 "
  ],
  [
    "Maricopa ",
    "54 50,896 136 1,044 965 25,476 40,185 118,702 "
  ],
  [
    "Total: ",
    "54 50,896 136 1,044 965 25,476 40,185 118,702 "
  ],
  [
    "Legislative District 6 "
  ],
  [
    "Apache ",
    "44 26,830 15 229 126 10,720 13,792 51,712 "
  ],
  [
    "Coconino ",
    "49 23,927 97 451 323 13,059 17,815 55,672 "
  ],
  [
    "Gila ",
    "3 2,052 0 8 11 256 1,060 3,387 "
  ],
  [
    "Graham ",
    "2 1,274 0 4 6 171 623 2,078 "
  ],
  [
    "Mohave ",
    "2 259 0 4 3 102 366 734 "
  ],
  [
    "Navajo ",
    "11 18,844 0 158 124 4,824 10,333 34,283 "
  ],
  [
    "Pinal ",
    "1 0 0 0 0 0 0 0 "
  ],
  [
    "Total: ",
    "112 73,186 112 854 593 29,132 43,989 147,866 "
  ],
  [
    "Legislative District 7 "
  ],
  [
    "Coconino ",
    "25 9,862 48 285 270 8,865 9,877 29,207 "
  ],
  [
    "Gila ",
    "36 6,070 0 218 127 15,619 8,220 30,254 "
  ],
  [
    "Navajo ",
    "10 4,682 0 291 203 21,566 9,829 36,571 "
  ],
  [
    "Pinal ",
    "27 12,928 1 443 318 24,373 20,602 58,665 "
  ],
  [
    "Total: ",
    "98 33,542 49 1,237 918 70,423 48,528 154,697 "
  ],
  [
    "Legislative District 8 "
  ],
  [
    "Maricopa ",
    "57 38,771 128 1,183 1,161 27,424 42,047 110,714 "
  ],
  [
    "Total: ",
    "57 38,771 128 1,183 1,161 27,424 42,047 110,714 "
  ],
  [
    "Legislative District 9 "
  ],
  [
    "Maricopa ",
    "39 31,616 104 1,119 825 33,586 39,253 106,503 "
  ],
  [
    "Total: ",
    "39 31,616 104 1,119 825 33,586 39,253 106,503 "
  ],
  [
    "Legislative District 10 "
  ],
  [
    "Maricopa ",
    "43 29,010 76 1,058 726 56,709 43,843 131,422 "
  ],
  [
    "Pinal ",
    "3 1,382 0 52 53 2,824 2,800 7,111 "
  ],
  [
    "Total: ",
    "46 30,392 76 1,110 779 59,533 46,643 138,533 "
  ],
  [
    "Legislative District 11 "
  ],
  [
    "Maricopa ",
    "37 49,415 79 722 863 14,835 40,947 106,861 "
  ],
  [
    "Total:",
    "37 49,415 79 722 863 14,835 40,947 106,861 "
  ],
  [
    "Page: 4",
    "STATE OF ARIZONA REGISTRATION REPORT"
  ],
  [
    "2024 Jan Voter Registration - January 02, 2024"
  ],
  [
    "Compiled and Issued by the Arizona Secretary of State "
  ],
  [
    "Active"
  ],
  [
    "Precincts Democratic Green Libertarian No Labels Republican Other Total ",
    "District "
  ],
  [
    "Legislative District 12 "
  ],
  [
    "Maricopa ",
    "48 48,357 111 1,301 952 43,038 50,544 144,303 "
  ],
  [
    "Total: ",
    "48 48,357 111 1,301 952 43,038 50,544 144,303 "
  ],
  [
    "Legislative District 13 "
  ],
  [
    "Maricopa ",
    "45 39,904 80 1,178 891 50,868 51,792 144,713 "
  ],
  [
    "Total: ",
    "45 39,904 80 1,178 891 50,868 51,792 144,713 "
  ],
  [
    "Legislative District 14 "
  ],
  [
    "Maricopa ",
    "44 32,961 65 1,348 868 62,987 50,962 149,191 "
  ],
  [
    "Total: ",
    "44 32,961 65 1,348 868 62,987 50,962 149,191 "
  ],
  [
    "Legislative District 15 "
  ],
  [
    "Maricopa ",
    "26 17,233 28 816 552 41,518 29,449 89,596 "
  ],
  [
    "Pinal ",
    "19 13,607 0 715 545 29,796 26,167 70,830 "
  ],
  [
    "Total: ",
    "45 30,840 28 1,531 1,097 71,314 55,616 160,426 "
  ],
  [
    "Legislative District 16 "
  ],
  [
    "Maricopa ",
    "2 591 2 9 7 76 616 1,301 "
  ],
  [
    "Pima ",
    "17 8,760 22 204 102 7,671 7,618 24,377 "
  ],
  [
    "Pinal ",
    "53 31,022 0 867 937 36,598 45,462 114,886 "
  ],
  [
    "Total: ",
    "72 40,373 24 1,080 1,046 44,345 53,696 140,564 "
  ],
  [
    "Legislative District 17 "
  ],
  [
    "Pima ",
    "63 47,412 122 1,279 736 61,332 52,009 162,890 "
  ],
  [
    "Pinal ",
    "5 3,148 0 65 32 5,529 3,888 12,662 "
  ],
  [
    "Total: ",
    "68 50,560 122 1,344 768 66,861 55,897 175,552 "
  ],
  [
    "Legislative District 18 "
  ],
  [
    "Pima ",
    "65 62,445 189 1,216 902 42,234 48,541 155,527 "
  ],
  [
    "Total: ",
    "65 62,445 189 1,216 902 42,234 48,541 155,527 "
  ],
  [
    "Legislative District 19 "
  ],
  [
    "Cochise ",
    "48 15,910 35 594 385 28,007 24,358 69,289 "
  ],
  [
    "Graham ",
    "21 3,227 8 115 60 9,997 4,723 18,130 "
  ],
  [
    "Greenlee ",
    "6 1,398 2 51 30 1,790 1,514 4,785 "
  ],
  [
    "Pima ",
    "17 13,780 20 297 180 19,718 15,626 49,621 "
  ],
  [
    "Santa Cruz ",
    "3 859 0 30 3 898 775 2,565 "
  ],
  [
    "Total: ",
    "95 35,174 65 1,087 658 60,410 46,996 144,390 "
  ],
  [
    "Legislative District 20 "
  ],
  [
    "Pima ",
    "56 58,211 236 829 766 17,249 40,727 118,018 "
  ],
  [
    "Total: ",
    "56 58,211 236 829 766 17,249 40,727 118,018 "
  ],
  [
    "Legislative District 21 "
  ],
  [
    "Cochise ",
    "7 2,541 12 51 39 1,617 2,151 6,411 "
  ],
  [
    "Pima ",
    "42 37,582 139 760 631 20,699 33,521 93,332 "
  ],
  [
    "Santa Cruz ",
    "21 13,106 11 141 103 4,211 10,454 28,026 "
  ],
  [
    "Total: ",
    "70 53,229 162 952 773 26,527 46,126 127,769 "
  ],
  [
    "Legislative District 22 "
  ],
  [
    "Maricopa ",
    "40 40,523 59 705 1,119 18,144 41,230 101,780 "
  ],
  [
    "Total:",
    "40 40,523 59 705 1,119 18,144 41,230 101,780 "
  ],
  [
    "Page: 5",
    "STATE OF ARIZONA REGISTRATION REPORT"
  ],
  [
    "2024 Jan Voter Registration - January 02, 2024"
  ],
  [
    "Compiled and Issued by the Arizona Secretary of State "
  ],
  [
    "Active"
  ],
  [
    "Precincts Democratic Green Libertarian No Labels Republican Other Total ",
    "District "
  ],
  [
    "Legislative District 23 "
  ],
  [
    "Maricopa ",
    "20 11,116 18 352 406 13,240 15,158 40,290 "
  ],
  [
    "Pima ",
    "18 10,244 29 173 157 4,411 8,114 23,128 "
  ],
  [
    "Pinal ",
    "1 132 0 0 0 9 74 215 "
  ],
  [
    "Yuma ",
    "26 20,839 0 303 326 10,792 23,704 55,964 "
  ],
  [
    "Total: ",
    "65 42,331 47 828 889 28,452 47,050 119,597 "
  ],
  [
    "Legislative District 24 "
  ],
  [
    "Maricopa ",
    "38 33,254 48 624 619 15,805 33,686 84,036 "
  ],
  [
    "Total: ",
    "38 33,254 48 624 619 15,805 33,686 84,036 "
  ],
  [
    "Legislative District 25 "
  ],
  [
    "Maricopa ",
    "44 22,124 40 848 834 38,623 35,911 98,380 "
  ],
  [
    "Yuma ",
    "21 9,495 0 345 304 20,710 16,802 47,656 "
  ],
  [
    "Total: ",
    "65 31,619 40 1,193 1,138 59,333 52,713 146,036 "
  ],
  [
    "Legislative District 26 "
  ],
  [
    "Maricopa ",
    "34 32,041 68 569 576 13,185 30,167 76,606 "
  ],
  [
    "Total: ",
    "34 32,041 68 569 576 13,185 30,167 76,606 "
  ],
  [
    "Legislative District 27 "
  ],
  [
    "Maricopa ",
    "51 35,766 93 1,220 967 48,333 46,268 132,647 "
  ],
  [
    "Total: ",
    "51 35,766 93 1,220 967 48,333 46,268 132,647 "
  ],
  [
    "Legislative District 28 "
  ],
  [
    "Maricopa ",
    "59 35,235 56 967 626 74,799 49,414 161,097 "
  ],
  [
    "Total: ",
    "59 35,235 56 967 626 74,799 49,414 161,097 "
  ],
  [
    "Legislative District 29 "
  ],
  [
    "Maricopa ",
    "47 34,838 77 1,032 1,052 54,832 50,532 142,363 "
  ],
  [
    "Total: ",
    "47 34,838 77 1,032 1,052 54,832 50,532 142,363 "
  ],
  [
    "Legislative District 30 "
  ],
  [
    "La Paz ",
    "11 2,106 4 61 95 5,350 4,168 11,784 "
  ],
  [
    "Maricopa ",
    "2 765 2 50 26 3,344 1,736 5,923 "
  ],
  [
    "Mohave ",
    "22 18,905 0 972 600 78,141 47,033 145,651 "
  ],
  [
    "Yavapai ",
    "3 154 0 7 6 947 393 1,507 "
  ],
  [
    "Total:",
    "38 21,930 6 1,090 727 87,782 53,330 164,865"
  ],
  [
    "State Total: ",
    "1719 1,211,940 2,514 32,438 25,924 1,418,407 1,410,085 4,101,308"
  ],
  [
    "Page: 6",
    "STATE OF ARIZONA REGISTRATION REPORT"
  ],
  [
    "2024 Jan Voter Registration - January 02, 2024"
  ],
  [
    "Compiled and Issued by the Arizona Secretary of State "
  ],
  [
    "Inactive"
  ],
  [
    "County Precincts Date/Period Democratic Green Libertarian No Labels Republican Other Total "
  ],
  [
    "Apache 44 JUL 2023 1,137 * 19 0 749 941 2,846 "
  ],
  [
    "44 OCT 2023 1,141 * 19 1 747 934 2,842 44",
    "JAN 2024 1,118 4 19 1 725 918 2,785 "
  ],
  [
    "Cochise 55 JUL 2023 2,252 * 146 0 3,591 4,663 10,652 "
  ],
  [
    "55 OCT 2023 2,304 * 155 3 3,690 4,839 10,991 55",
    "JAN 2024 2,653 24 173 5 4,396 5,805 13,056 "
  ],
  [
    "Coconino 75 JUL 2023 4,789 * 176 2 2,835 5,403 13,205 "
  ],
  [
    "75 OCT 2023 5,401 * 202 18 3,141 6,157 14,919 75",
    "JAN 2024 5,567 40 213 20 3,211 6,413 15,464 "
  ],
  [
    "Gila 39 JUL 2023 578 * 23 2 1,202 1,112 2,917 "
  ],
  [
    "39 OCT 2023 672 * 33 9 1,587 1,409 3,710 39",
    "JAN 2024 716 0 35 17 1,727 1,555 4,050 "
  ],
  [
    "Graham 23 JUL 2023 606 * 38 2 941 866 2,453 "
  ],
  [
    "23 OCT 2023 593 * 38 2 919 846 2,398 23",
    "JAN 2024 582 0 38 2 908 831 2,361 "
  ],
  [
    "Greenlee 8 JUL 2023 69 * 4 0 129 147 349 "
  ],
  [
    "8 OCT 2023 67 * 4 1 128 146 346 6",
    "JAN 2024 67 1 5 1 128 140 342 "
  ],
  [
    "La Paz 11 JUL 2023 400 * 12 0 757 769 1,938 "
  ],
  [
    "11 OCT 2023 400 * 11 0 748 760 1,919 11",
    "JAN 2024 418 3 13 0 793 807 2,034 "
  ],
  [
    "Maricopa 906 JUL 2023 107,154 * 4,430 11 97,537 172,170 381,302 "
  ],
  [
    "906 OCT 2023 109,979 * 4,542 374 99,911 177,353 392,159 906",
    "JAN 2024 138,945 609 5,721 1,118 128,412 225,781 500,586 "
  ],
  [
    "Mohave 24 JUL 2023 2,416 * 124 0 6,763 6,287 15,590 "
  ],
  [
    "24 OCT 2023 2,507 * 125 14 6,956 6,480 16,082 24",
    "JAN 2024 2,538 0 127 19 6,968 6,561 16,213 "
  ],
  [
    "Navajo 14 JUL 2023 1,714 * 48 2 2,222 2,355 6,341 "
  ],
  [
    "14 OCT 2023 1,680 * 47 10 2,188 2,317 6,242 21",
    "JAN 2024 1,640 0 47 11 2,122 2,259 6,079 "
  ],
  [
    "Pima 278 JUL 2023 17,442 * 587 0 12,256 22,608 52,893 "
  ],
  [
    "278 OCT 2023 20,099 * 677 26 14,205 25,931 60,938 278",
    "JAN 2024 24,870 170 835 106 16,802 32,693 75,476 "
  ],
  [
    "Pinal 109 JUL 2023 6,623 * 272 4 8,563 11,218 26,680 "
  ],
  [
    "109 OCT 2023 6,519 * 276 36 8,427 11,075 26,333 109",
    "JAN 2024 7,278 0 300 64 9,352 12,913 29,907 "
  ],
  [
    "Santa Cruz ",
    "24 JUL 2023 982 * 18 0 522 1,076 2,598 24",
    "OCT 2023 971 * 18 3 523 1,079 2,594 "
  ],
  [
    "24 JAN 2024 1,024 4 18 5 528 1,118 2,697 "
  ],
  [
    "Yavapai 48 JUL 2023 3,337 * 260 2 6,950 7,083 17,632 "
  ],
  [
    "48 OCT 2023 3,622 * 273 13 7,391 7,580 18,879 57",
    "JAN 2024 3,909 0 296 42 7,978 8,190 20,415 "
  ],
  [
    "Yuma 47 JUL 2023 2,640 * 118 1 3,124 5,132 11,015 "
  ],
  [
    "47 OCT 2023 3,434 * 151 23 4,258 6,955 14,821 47",
    "JAN 2024 3,640 0 160 38 4,567 7,589 15,994 "
  ],
  [
    "Totals: 1,705 JUL 2023 152,139 * 6,275 26 148,141 241,830 548,411 "
  ],
  [
    "1,705 OCT 2023 159,389 * 6,571 533 154,819 253,861 575,173 1,719",
    "JAN 2024 194,965 855 8,000 1,449 188,617 313,573 707,459 "
  ],
  [
    "Percentages: JUL 2023 27.74 * 1.14 0.00 27.01 44.10 "
  ],
  [
    "OCT 2023 27.71 * 1.14 0.09 26.92 44.14 JAN",
    "2024 27.56 0.12 1.13 0.20 26.66 44.32 "
  ],
  [
    "*Party was not a recognized party "
  ],
  [
    "Page: 7",
    "STATE OF ARIZONA REGISTRATION REPORT"
  ],
  [
    "2024 Jan Voter Registration - January 02, 2024"
  ],
  [
    "Compiled and Issued by the Arizona Secretary of State "
  ],
  [
    "Inactive"
  ],
  [
    "Precincts Democratic Green Libertarian No Labels Republican Other Total ",
    "District "
  ],
  [
    "Congressional District 1 "
  ],
  [
    "Maricopa ",
    "206 26,911 125 1,258 215 29,903 45,740 104,152 "
  ],
  [
    "Total: ",
    "206 26,911 125 1,258 215 29,903 45,740 104,152 "
  ],
  [
    "Congressional District 2 "
  ],
  [
    "Apache ",
    "44 1,118 4 19 1 725 918 2,785 "
  ],
  [
    "Coconino ",
    "75 5,567 40 213 20 3,211 6,413 15,464 "
  ],
  [
    "Gila ",
    "39 716 0 35 17 1,727 1,555 4,050 "
  ],
  [
    "Graham ",
    "2 239 0 3 0 27 96 365 "
  ],
  [
    "Maricopa ",
    "3 85 0 0 0 13 82 180 "
  ],
  [
    "Mohave ",
    "2 11 0 0 0 7 27 45 "
  ],
  [
    "Navajo ",
    "21 1,640 0 47 11 2,122 2,259 6,079 "
  ],
  [
    "Pinal ",
    "50 3,194 0 107 25 3,595 5,325 12,246 "
  ],
  [
    "Yavapai ",
    "57 3,909 0 296 42 7,978 8,190 20,415 "
  ],
  [
    "Total: ",
    "293 16,479 44 720 116 19,405 24,865 61,629 "
  ],
  [
    "Congressional District 3 "
  ],
  [
    "Maricopa ",
    "123 33,125 107 829 198 11,751 41,392 87,402 "
  ],
  [
    "Total: ",
    "123 33,125 107 829 198 11,751 41,392 87,402 "
  ],
  [
    "Congressional District 4 "
  ],
  [
    "Maricopa ",
    "146 30,074 160 1,323 259 24,244 48,845 104,905 "
  ],
  [
    "Total: ",
    "146 30,074 160 1,323 259 24,244 48,845 104,905 "
  ],
  [
    "Congressional District 5 "
  ],
  [
    "Maricopa ",
    "120 12,302 56 703 98 19,806 23,526 56,491 "
  ],
  [
    "Pinal ",
    "30 1,943 0 120 13 3,420 3,650 9,146 "
  ],
  [
    "Total: ",
    "150 14,245 56 823 111 23,226 27,176 65,637 "
  ],
  [
    "Congressional District 6 "
  ],
  [
    "Cochise ",
    "43 1,978 21 162 5 4,031 4,846 11,043 "
  ],
  [
    "Graham ",
    "21 343 0 35 2 881 735 1,996 "
  ],
  [
    "Greenlee ",
    "6 67 1 5 1 128 140 342 "
  ],
  [
    "Pima ",
    "155 12,076 80 502 59 10,748 16,924 40,389 "
  ],
  [
    "Pinal ",
    "25 2,023 0 69 25 2,158 3,727 8,002 "
  ],
  [
    "Total: ",
    "250 16,487 102 773 92 17,946 26,372 61,772 "
  ],
  [
    "Congressional District 7 "
  ],
  [
    "Cochise ",
    "12 675 3 11 0 365 959 2,013 "
  ],
  [
    "Maricopa ",
    "23 4,072 11 104 44 2,227 5,870 12,328 "
  ],
  [
    "Pima ",
    "123 12,794 90 333 47 6,054 15,769 35,087 "
  ],
  [
    "Pinal ",
    "4 118 0 4 1 179 211 513 "
  ],
  [
    "Santa Cruz ",
    "24 1,024 4 18 5 528 1,118 2,697 "
  ],
  [
    "Yuma ",
    "27 2,335 0 68 24 1,633 4,238 8,298 "
  ],
  [
    "Total: ",
    "213 21,018 108 538 121 10,986 28,165 60,936 "
  ],
  [
    "Congressional District 8 "
  ],
  [
    "Maricopa ",
    "173 20,411 108 927 191 25,277 38,065 84,979 "
  ],
  [
    "Total: ",
    "173 20,411 108 927 191 25,277 38,065 84,979 "
  ],
  [
    "Congressional District 9 "
  ],
  [
    "La Paz ",
    "11 418 3 13 0 793 807 2,034 "
  ],
  [
    "Maricopa ",
    "112 11,965 42 577 113 15,191 22,261 50,149 "
  ],
  [
    "Mohave ",
    "22 2,527 0 127 19 6,961 6,534 16,168 "
  ],
  [
    "Yuma ",
    "20 1,305 0 92 14 2,934 3,351 7,696 "
  ],
  [
    "Total:",
    "165 16,215 45 809 146 25,879 32,953 76,047 "
  ],
  [
    "Page: 8",
    "STATE OF ARIZONA REGISTRATION REPORT"
  ],
  [
    "2024 Jan Voter Registration - January 02, 2024"
  ],
  [
    "Compiled and Issued by the Arizona Secretary of State "
  ],
  [
    "Inactive"
  ],
  [
    "Precincts Democratic Green Libertarian No Labels Republican Other Total ",
    "District "
  ],
  [
    "Legislative District 1 "
  ],
  [
    "Coconino ",
    "1 73 0 4 0 46 100 223 "
  ],
  [
    "Yavapai ",
    "54 3,902 0 295 42 7,943 8,156 20,338 "
  ],
  [
    "Total: ",
    "55 3,975 0 299 42 7,989 8,256 20,561 "
  ],
  [
    "Legislative District 2 "
  ],
  [
    "Maricopa ",
    "48 7,837 30 441 83 8,299 15,464 32,154 "
  ],
  [
    "Total: ",
    "48 7,837 30 441 83 8,299 15,464 32,154 "
  ],
  [
    "Legislative District 3 "
  ],
  [
    "Maricopa ",
    "58 4,807 18 265 27 10,008 9,762 24,887 "
  ],
  [
    "Total: ",
    "58 4,807 18 265 27 10,008 9,762 24,887 "
  ],
  [
    "Legislative District 4 "
  ],
  [
    "Maricopa ",
    "70 7,796 35 360 74 10,023 13,202 31,490 "
  ],
  [
    "Total: ",
    "70 7,796 35 360 74 10,023 13,202 31,490 "
  ],
  [
    "Legislative District 5 "
  ],
  [
    "Maricopa ",
    "54 14,148 58 464 85 6,160 16,992 37,907 "
  ],
  [
    "Total: ",
    "54 14,148 58 464 85 6,160 16,992 37,907 "
  ],
  [
    "Legislative District 6 "
  ],
  [
    "Apache ",
    "44 1,118 4 19 1 725 918 2,785 "
  ],
  [
    "Coconino ",
    "49 2,754 20 98 10 1,591 3,121 7,594 "
  ],
  [
    "Gila ",
    "3 128 0 0 1 17 86 232 "
  ],
  [
    "Graham ",
    "2 239 0 3 0 27 96 365 "
  ],
  [
    "Mohave ",
    "2 11 0 0 0 7 27 45 "
  ],
  [
    "Navajo ",
    "11 1,172 0 19 2 453 1,029 2,675 "
  ],
  [
    "Pinal ",
    "1 0 0 0 0 0 0 0 "
  ],
  [
    "Total: ",
    "112 5,422 24 139 14 2,820 5,277 13,696 "
  ],
  [
    "Legislative District 7 "
  ],
  [
    "Coconino ",
    "25 2,740 20 111 10 1,574 3,192 7,647 "
  ],
  [
    "Gila ",
    "36 588 0 35 16 1,710 1,469 3,818 "
  ],
  [
    "Navajo ",
    "10 468 0 28 9 1,669 1,230 3,404 "
  ],
  [
    "Pinal ",
    "27 1,115 0 43 13 1,750 1,910 4,831 "
  ],
  [
    "Total: ",
    "98 4,911 20 217 48 6,703 7,801 19,700 "
  ],
  [
    "Legislative District 8 "
  ],
  [
    "Maricopa ",
    "57 13,804 90 545 117 8,583 21,246 44,385 "
  ],
  [
    "Total: ",
    "57 13,804 90 545 117 8,583 21,246 44,385 "
  ],
  [
    "Legislative District 9 "
  ],
  [
    "Maricopa ",
    "39 8,659 41 421 89 7,300 15,898 32,408 "
  ],
  [
    "Total: ",
    "39 8,659 41 421 89 7,300 15,898 32,408 "
  ],
  [
    "Legislative District 10 "
  ],
  [
    "Maricopa ",
    "43 5,527 26 310 49 9,164 11,479 26,555 "
  ],
  [
    "Pinal ",
    "3 139 0 8 0 243 301 691 "
  ],
  [
    "Total: ",
    "46 5,666 26 318 49 9,407 11,780 27,246 "
  ],
  [
    "Legislative District 11 "
  ],
  [
    "Maricopa ",
    "37 9,728 28 238 40 3,372 11,502 24,908 "
  ],
  [
    "Total:",
    "37 9,728 28 238 40 3,372 11,502 24,908 "
  ],
  [
    "Page: 9",
    "STATE OF ARIZONA REGISTRATION REPORT"
  ],
  [
    "2024 Jan Voter Registration - January 02, 2024"
  ],
  [
    "Compiled and Issued by the Arizona Secretary of State "
  ],
  [
    "Inactive"
  ],
  [
    "Precincts Democratic Green Libertarian No Labels Republican Other Total ",
    "District "
  ],
  [
    "Legislative District 12 "
  ],
  [
    "Maricopa ",
    "48 9,000 45 370 73 6,381 13,030 28,899 "
  ],
  [
    "Total: ",
    "48 9,000 45 370 73 6,381 13,030 28,899 "
  ],
  [
    "Legislative District 13 "
  ],
  [
    "Maricopa ",
    "45 5,279 24 249 38 5,447 8,306 19,343 "
  ],
  [
    "Total: ",
    "45 5,279 24 249 38 5,447 8,306 19,343 "
  ],
  [
    "Legislative District 14 "
  ],
  [
    "Maricopa ",
    "44 4,555 17 259 34 7,584 8,779 21,228 "
  ],
  [
    "Total: ",
    "44 4,555 17 259 34 7,584 8,779 21,228 "
  ],
  [
    "Legislative District 15 "
  ],
  [
    "Maricopa ",
    "26 2,177 12 139 17 4,604 4,522 11,471 "
  ],
  [
    "Pinal ",
    "19 1,362 0 93 6 2,338 2,400 6,199 "
  ],
  [
    "Total: ",
    "45 3,539 12 232 23 6,942 6,922 17,670 "
  ],
  [
    "Legislative District 16 "
  ],
  [
    "Maricopa ",
    "2 83 0 0 0 12 79 174 "
  ],
  [
    "Pima ",
    "17 480 10 23 1 508 756 1,778 "
  ],
  [
    "Pinal ",
    "53 4,431 0 151 45 4,701 8,015 17,343 "
  ],
  [
    "Total: ",
    "72 4,994 10 174 46 5,221 8,850 19,295 "
  ],
  [
    "Legislative District 17 "
  ],
  [
    "Pima ",
    "63 3,343 24 178 10 4,213 5,282 13,050 "
  ],
  [
    "Pinal ",
    "5 219 0 5 0 320 273 817 "
  ],
  [
    "Total: ",
    "68 3,562 24 183 10 4,533 5,555 13,867 "
  ],
  [
    "Legislative District 18 "
  ],
  [
    "Pima ",
    "65 6,785 55 235 38 4,380 8,541 20,034 "
  ],
  [
    "Total: ",
    "65 6,785 55 235 38 4,380 8,541 20,034 "
  ],
  [
    "Legislative District 19 "
  ],
  [
    "Cochise ",
    "48 2,420 22 167 5 4,224 5,454 12,292 "
  ],
  [
    "Graham ",
    "21 343 0 35 2 881 735 1,996 "
  ],
  [
    "Greenlee ",
    "6 67 1 5 1 128 140 342 "
  ],
  [
    "Pima ",
    "17 988 2 43 2 1,458 1,553 4,046 "
  ],
  [
    "Santa Cruz ",
    "3 59 0 3 1 93 86 242 "
  ],
  [
    "Total: ",
    "95 3,877 25 253 11 6,784 7,968 18,918 "
  ],
  [
    "Legislative District 20 "
  ],
  [
    "Pima ",
    "56 8,126 53 196 32 2,980 9,260 20,647 "
  ],
  [
    "Total: ",
    "56 8,126 53 196 32 2,980 9,260 20,647 "
  ],
  [
    "Legislative District 21 "
  ],
  [
    "Cochise ",
    "7 233 2 6 0 172 351 764 "
  ],
  [
    "Pima ",
    "42 4,405 23 146 22 2,882 6,334 13,812 "
  ],
  [
    "Santa Cruz ",
    "21 965 4 15 4 435 1,032 2,455 "
  ],
  [
    "Total: ",
    "70 5,603 29 167 26 3,489 7,717 17,031 "
  ],
  [
    "Legislative District 22 "
  ],
  [
    "Maricopa ",
    "40 8,508 24 224 85 4,034 11,929 24,804 "
  ],
  [
    "Total:",
    "40 8,508 24 224 85 4,034 11,929 24,804 "
  ],
  [
    "Page: 10",
    "STATE OF ARIZONA REGISTRATION REPORT"
  ],
  [
    "2024 Jan Voter Registration - January 02, 2024"
  ],
  [
    "Compiled and Issued by the Arizona Secretary of State "
  ],
  [
    "Inactive"
  ],
  [
    "Precincts Democratic Green Libertarian No Labels Republican Other Total ",
    "District "
  ],
  [
    "Legislative District 23 "
  ],
  [
    "Maricopa ",
    "20 1,870 8 91 24 2,123 3,433 7,549 "
  ],
  [
    "Pima ",
    "18 743 3 14 1 381 967 2,109 "
  ],
  [
    "Pinal ",
    "1 12 0 0 0 0 14 26 "
  ],
  [
    "Yuma ",
    "26 2,267 0 66 24 1,580 4,114 8,051 "
  ],
  [
    "Total: ",
    "65 4,892 11 171 49 4,084 8,528 17,735 "
  ],
  [
    "Legislative District 24 "
  ],
  [
    "Maricopa ",
    "38 7,755 30 215 56 3,865 11,761 23,682 "
  ],
  [
    "Total: ",
    "38 7,755 30 215 56 3,865 11,761 23,682 "
  ],
  [
    "Legislative District 25 "
  ],
  [
    "Maricopa ",
    "44 3,164 8 142 22 5,032 6,346 14,714 "
  ],
  [
    "Yuma ",
    "21 1,373 0 94 14 2,987 3,475 7,943 "
  ],
  [
    "Total: ",
    "65 4,537 8 236 36 8,019 9,821 22,657 "
  ],
  [
    "Legislative District 26 "
  ],
  [
    "Maricopa ",
    "34 8,225 29 209 56 3,748 12,287 24,554 "
  ],
  [
    "Total: ",
    "34 8,225 29 209 56 3,748 12,287 24,554 "
  ],
  [
    "Legislative District 27 "
  ],
  [
    "Maricopa ",
    "51 6,820 45 328 78 7,569 12,467 27,307 "
  ],
  [
    "Total: ",
    "51 6,820 45 328 78 7,569 12,467 27,307 "
  ],
  [
    "Legislative District 28 "
  ],
  [
    "Maricopa ",
    "59 3,176 16 140 22 6,825 5,935 16,114 "
  ],
  [
    "Total: ",
    "59 3,176 16 140 22 6,825 5,935 16,114 "
  ],
  [
    "Legislative District 29 "
  ],
  [
    "Maricopa ",
    "47 5,891 25 306 46 7,985 11,092 25,345 "
  ],
  [
    "Total: ",
    "47 5,891 25 306 46 7,985 11,092 25,345 "
  ],
  [
    "Legislative District 30 "
  ],
  [
    "La Paz ",
    "11 418 3 13 0 793 807 2,034 "
  ],
  [
    "Maricopa ",
    "2 136 0 5 3 294 270 708 "
  ],
  [
    "Mohave ",
    "22 2,527 0 127 19 6,961 6,534 16,168 "
  ],
  [
    "Yavapai ",
    "3 7 0 1 0 35 34 77 "
  ],
  [
    "Total:",
    "38 3,088 3 146 22 8,083 7,645 18,987"
  ],
  [
    "State Total: ",
    "1719 194,965 855 8,000 1,449 188,617 313,573 707,459"
  ]
]
