[
["US Representative District 1"],
["County","Democratic Active","Republican Active","No Party Active","Other Active","Total Active","Democratic Inactive","Republican Inactive","No Party Inactive","Other Inactive","Total Inactive","Grand Total"],
["Cedar","3069","4445","3647","79","11240","330","357","841","26","1554","12794"],
["Clinton","8526","9243","9732","171","27672","1611","923","3398","76","6008","33680"],
["Des Moines","8350","7208","6641","175","22374","1797","950","2527","59","5333","27707"],
["Henry","2427","5126","3509","72","11134","577","691","1656","38","2962","14096"],
["Iowa","2448","4730","3565","65","10808","313","362","883","27","1585","12393"],
["Jackson","4223","4237","3911","48","12419","546","348","1371","9","2274","14693"],
["Jasper","7026","8516","7016","142","22700","1025","816","2088","33","3962","26662"],
["Jefferson","3840","3470","2192","73","9575","693","347","798","27","1865","11440"],
["Johnson","46165","16457","25050","723","88395","10094","3873","9392","342","23701","112096"],
["Jones","2905","4691","4407","53","12056","340","371","1190","17","1918","13974"],
["Keokuk","1372","2730","1666","29","5797","223","244","492","5","964","6761"],
["Lee","6978","5672","5733","141","18524","1296","659","2337","58","4350","22874"],
["Louisa","1428","2640","1918","29","6015","298","253","709","9","1269","7284"],
["Mahaska","2178","6954","3213","107","12452","453","663","1203","23","2342","14794"],
["Marion","4644","10415","6026","144","21229","716","1001","1600","29","3346","24575"],
["Muscatine","7045","8153","7630","198","23026","1646","1159","3056","79","5940","28966"],
["Scott","34462","31533","35179","880","102054","8739","5187","14864","392","29182","131236"],
["Van Buren","731","2301","1162","29","4223","135","237","381","6","759","4982"],
["Warren","9960","13332","10048","260","33600","1207","1291","2325","88","4911","38511"],
["Washington","3045","6067","4008","99","13219","426","625","1194","45","2290","15509"],
["Total","160,822","157,920","146,253","3,517","468,512","32,465","20,357","52,305","1,388","106,515","575,027"],
["US Representative District 2"],
["County","Democratic Active","Republican Active","No Party Active","Other Active","Total Active","Democratic Inactive","Republican Inactive","No Party Inactive","Other Inactive","Total Inactive","Grand Total"],
["Allamakee","1959","4049","2249","37","8294","294","414","753","12","1473","9767"],
["Benton","3784","6230","5890","111","16015","470","478","1472","28","2448","18463"],
["Black Hawk","28123","20859","22477","586","72045","5523","2606","7011","208","15348","87393"],
["Bremer","4002","5652","5839","78","15571","570","480","1319","23","2392","17963"],
["Buchanan","3312","3964","4744","58","12078","340","302","1349","14","2005","14083"],
["Butler","1730","4546","2540","55","8871","191","347","749","11","1298","10169"],
["Cerro Gordo","8139","8514","9285","155","26093","1225","945","2925","48","5143","31236"],
["Chickasaw","1999","2773","2318","36","7126","244","199","715","12","1170","8296"],
["Clayton","2839","4019","3707","76","10641","327","370","788","15","1500","12141"],
["Delaware","2319","4697","3922","45","10983","258","290","696","17","1261","12244"],
["Dubuque","23897","18697","16919","468","59981","3617","2188","4871","164","10840","70821"],
["Fayette","2989","4414","3436","62","10901","406","359","858","26","1649","12550"],
["Floyd","2487","2961","3521","56","9025","545","351","1176","19","2091","11116"],
["Grundy","1477","4067","2318","48","7910","169","317","578","9","1073","8983"],
["Hardin","2325","4849","2685","57","9916","397","475","915","19","1806","11722"],
["Howard","1441","1754","2213","27","5435","175","140","527","9","851","6286"],
["Linn","53580","38870","42877","1352","136679","8204","4797","11243","473","24717","161396"],
["Mitchell","1502","2734","2097","37","6370","208","250","545","13","1016","7386"],
["Poweshiek","3532","3886","3891","65","11374","1378","396","1219","20","3013","14387"],
["Tama","2747","3771","3299","63","9880","384","310","1029","11","1734","11614"],
["Winneshiek","4206","4577","4034","52","12869","762","364","1025","29","2180","15049"],
["Worth","1205","2019","1612","25","4861","142","166","441","4","753","5614"],
["Total","159,594","157,902","151,873","3,549","472,918","25,829","16,544","42,204","1,184","85,761","558,679"],
["US Representative District 3"],
["County","Democratic Active","Republican Active","No Party Active","Other Active","Total Active","Democratic Inactive","Republican Inactive","No Party Inactive","Other Inactive","Total Inactive","Grand Total"],
["Adair","867","2254","1532","20","4673","119","198","436","8","761","5434"],
["Adams","481","1143","790","8","2422","54","80","252","0","386","2808"],
["Appanoose","1688","3448","2142","56","7334","376","368","763","10","1517","8851"],
["Cass","1403","4442","2222","43","8110","212","520","746","18","1496","9606"],
["Clarke","1248","2274","1531","32","5085","225","243","559","17","1044","6129"],
["Dallas","18240","22084","20403","483","61210","2325","2495","4889","166","9875","71085"],
["Davis","1188","2190","1033","20","4431","156","219","313","11","699","5130"],
["Decatur","1024","1861","1197","21","4103","269","208","322","15","814","4917"],
["Greene","1441","2512","1600","45","5598","185","221","494","7","907","6505"],
["Guthrie","1514","3259","2294","45","7112","210","297","647","8","1162","8274"],
["Lucas","1032","2575","1479","30","5116","166","251","455","9","881","5997"],
["Madison","2480","4861","3264","81","10686","318","465","746","19","1548","12234"],
["Monroe","1064","2135","1307","19","4525","171","186","323","11","691","5216"],
["Montgomery","1055","3411","1564","41","6071","211","442","676","15","1344","7415"],
["Page","1407","5207","2002","61","8677","309","572","828","19","1728","10405"],
["Polk","118632","81260","77313","2700","279905","18745","9756","20145","876","49522","329427"],
["Ringgold","499","1920","484","15","2918","82","144","158","2","386","3304"],
["Taylor","564","2019","883","27","3493","91","175","276","8","550","4043"],
["Union","1419","3222","2250","42","6933","251","285","877","16","1429","8362"],
["Wapello","6041","6099","5121","113","17374","1364","790","2013","44","4211","21585"],
["Wayne","667","1837","887","16","3407","106","149","216","3","474","3881"],
["Total","163,954","160,013","131,298","3,918","459,183","25,945","18,064","36,134","1,282","81,425","540,608"],
["US Representative District 4"],
["County","Democratic Active","Republican Active","No Party Active","Other Active","Total Active","Democratic Inactive","Republican Inactive","No Party Inactive","Other Inactive","Total Inactive","Grand Total"],
["Audubon","876","1883","891","18","3668","94","179","279","4","556","4224"],
["Boone","4936","6298","5498","121","16853","627","646","1717","47","3037","19890"],
["Buena Vista","2490","4064","2891","67","9512","773","559","1300","21","2653","12165"],
["Calhoun","1132","2765","1923","40","5860","153","219","475","14","861","6721"],
["Carroll","3074","5118","4499","87","12778","411","486","1094","24","2015","14793"],
["Cherokee","1178","4088","1732","25","7023","222","332","727","9","1290","8313"],
["Clay","1853","5365","2675","76","9969","309","576","981","20","1886","11855"],
["Crawford","1999","3529","2668","56","8252","497","383","916","22","1818","10070"],
["Dickinson","2499","6316","3562","87","12464","374","667","971","32","2044","14508"],
["Emmet","1391","2059","1910","34","5394","269","285","758","7","1319","6713"],
["Franklin","1110","2923","1618","34","5685","168","243","497","6","914","6599"],
["Fremont","822","2516","847","28","4213","167","296","350","15","828","5041"],
["Hamilton","2105","4138","2387","53","8683","292","371","779","16","1458","10141"],
["Hancock","1303","3577","1812","36","6728","181","295","571","14","1061","7789"],
["Harrison","1761","4588","2012","71","8432","115","202","212","11","540","8972"],
["Humboldt","1044","2845","1889","28","5806","137","240","446","8","831","6637"],
["Ida","675","2246","1261","12","4194","107","199","374","7","687","4881"],
["Kossuth","2288","4587","2915","39","9829","225","325","741","15","1306","11135"],
["Lyon","705","5923","1015","16","7659","136","486","349","6","977","8636"],
["Marshall","6657","7501","5724","136","20018","1211","862","2346","55","4474","24492"],
["Mills","1799","5336","2204","114","9453","333","668","804","43","1848","11301"],
["Monona","1299","2453","1477","36","5265","229","237","468","16","950","6215"],
["O'Brien","1098","5497","1644","49","8288","238","564","606","20","1428","9716"],
["Osceola","386","2462","780","12","3640","72","217","298","4","591","4231"],
["Palo Alto","1620","2240","1579","24","5463","207","175","467","13","862","6325"],
["Plymouth","2685","8636","4212","99","15632","461","855","1188","32","2536","18168"],
["Pocahontas","737","2205","1229","32","4203","146","189","384","9","728","4931"],
["Pottawattamie","14344","21959","14423","594","51320","3352","3384","6129","270","13135","64455"],
["Sac","1018","3528","1654","25","6225","139","273","547","7","966","7191"],
["Shelby","1616","3973","2007","32","7628","213","342","467","17","1039","8667"],
["Sioux","1819","15358","3518","75","20770","327","1247","908","27","2509","23279"],
["Story","19944","15281","17403","622","53250","5347","3628","7310","329","16614","69864"],
["Webster","6141","7602","6251","147","20141","1331","1017","2637","66","5051","25192"],
["Winnebago","1511","3054","2135","35","6735","258","274","759","14","1305","8040"],
["Woodbury","15328","20811","14299","403","50841","3909","2932","6153","140","13134","63975"],
["Wright","1507","3312","2020","29","6868","251","318","565","15","1149","8017"],
["Total","112,750","206,036","126,564","3,392","448,742","23,281","24,171","45,573","1,375","94,400","543,142"],
["Grand Total","597,120","681,871","555,988","14,376","1,849,355","107,520","79,136","176,216","5,229","368,101","2,217,456"]
]