[
["District","Precincts","Democratic","Green","Libertarian","No Labels","Republican","Other","Total"],
["Legislative District 1"],
["Coconino","1","737","1","15","11","606","709","2,079"],
["Yavapai","54","31,153","0","1,340","891","82,571","49,669","165,624"],
["Total:","55","31,890","1","1,355","902","83,177","50,378","167,703"],
["Legislative District 2"],
["Maricopa","48","34,319","90","1,281","864","43,389","44,824","124,767"],
["Total:","48","34,319","90","1,281","864","43,389","44,824","124,767"],
["Legislative District 3"],
["Maricopa","58","34,353","65","1,147","667","81,708","55,024","172,964"],
["Total:","58","34,353","65","1,147","667","81,708","55,024","172,964"],
["Legislative District 4"],
["Maricopa","70","43,969","98","1,292","953","63,226","52,980","162,518"],
["Total:","70","43,969","98","1,292","953","63,226","52,980","162,518"],
["Legislative District 5"],
["Maricopa","54","50,896","136","1,044","965","25,476","40,185","118,702"],
["Total:","54","50,896","136","1,044","965","25,476","40,185","118,702"],
["Legislative District 6"],
["Apache","44","26,830","15","229","126","10,720","13,792","51,712"],
["Coconino","49","23,927","97","451","323","13,059","17,815","55,672"],
["Gila","3","2,052","0","8","11","256","1,060","3,387"],
["Graham","2","1,274","0","4","6","171","623","2,078"],
["Mohave","2","259","0","4","3","102","366","734"],
["Navajo","11","18,844","0","158","124","4,824","10,333","34,283"],
["Pinal","1","0","0","0","0","0","0","0"],
["Total:","112","73,186","112","854","593","29,132","43,989","147,866"],
["Legislative District 7"],
["Coconino","25","9,862","48","285","270","8,865","9,877","29,207"],
["Gila","36","6,070","0","218","127","15,619","8,220","30,254"],
["Navajo","10","4,682","0","291","203","21,566","9,829","36,571"],
["Pinal","27","12,928","1","443","318","24,373","20,602","58,665"],
["Total:","98","33,542","49","1,237","918","70,423","48,528","154,697"],
["Legislative District 8"],
["Maricopa","57","38,771","128","1,183","1,161","27,424","42,047","110,714"],
["Total:","57","38,771","128","1,183","1,161","27,424","42,047","110,714"],
["Legislative District 9"],
["Maricopa","39","31,616","104","1,119","825","33,586","39,253","106,503"],
["Total:","39","31,616","104","1,119","825","33,586","39,253","106,503"],
["Legislative District 10"],
["Maricopa","43","29,010","76","1,058","726","56,709","43,843","131,422"],
["Pinal","3","1,382","0","52","53","2,824","2,800","7,111"],
["Total:","46","30,392","76","1,110","779","59,533","46,643","138,533"],
["Legislative District 11"],
["Maricopa","37","49,415","79","722","863","14,835","40,947","106,861"],
["Total:","37","49,415","79","722","863","14,835","40,947","106,861"],
["Legislative District 12"],
["Maricopa","48","48,357","111","1,301","952","43,038","50,544","144,303"],
["Total:","48","48,357","111","1,301","952","43,038","50,544","144,303"],
["Legislative District 13"],
["Maricopa","45","39,904","80","1,178","891","50,868","51,792","144,713"],
["Total:","45","39,904","80","1,178","891","50,868","51,792","144,713"],
["Legislative District 14"],
["Maricopa","44","32,961","65","1,348","868","62,987","50,962","149,191"],
["Total:","44","32,961","65","1,348","868","62,987","50,962","149,191"],
["Legislative District 15"],
["Maricopa","26","17,233","28","816","552","41,518","29,449","89,596"],
["Pinal","19","13,607","0","715","545","29,796","26,167","70,830"],
["Total:","45","30,840","28","1,531","1,097","71,314","55,616","160,426"],
["Legislative District 16"],
["Maricopa","2","591","2","9","7","76","616","1,301"],
["Pima","17","8,760","22","204","102","7,671","7,618","24,377"],
["Pinal","53","31,022","0","867","937","36,598","45,462","114,886"],
["Total:","72","40,373","24","1,080","1,046","44,345","53,696","140,564"],
["Legislative District 17"],
["Pima","63","47,412","122","1,279","736","61,332","52,009","162,890"],
["Pinal","5","3,148","0","65","32","5,529","3,888","12,662"],
["Total:","68","50,560","122","1,344","768","66,861","55,897","175,552"],
["Legislative District 18"],
["Pima","65","62,445","189","1,216","902","42,234","48,541","155,527"],
["Total:","65","62,445","189","1,216","902","42,234","48,541","155,527"],
["Legislative District 19"],
["Cochise","48","15,910","35","594","385","28,007","24,358","69,289"],
["Graham","21","3,227","8","115","60","9,997","4,723","18,130"],
["Greenlee","6","1,398","2","51","30","1,790","1,514","4,785"],
["Pima","17","13,780","20","297","180","19,718","15,626","49,621"],
["Santa Cruz","3","859","0","30","3","898","775","2,565"],
["Total:","95","35,174","65","1,087","658","60,410","46,996","144,390"],
["Legislative District 20"],
["Pima","56","58,211","236","829","766","17,249","40,727","118,018"],
["Total:","56","58,211","236","829","766","17,249","40,727","118,018"],
["Legislative District 21"],
["Cochise","7","2,541","12","51","39","1,617","2,151","6,411"],
["Pima","42","37,582","139","760","631","20,699","33,521","93,332"],
["Santa Cruz","21","13,106","11","141","103","4,211","10,454","28,026"],
["Total:","70","53,229","162","952","773","26,527","46,126","127,769"],
["Legislative District 22"],
["Maricopa","40","40,523","59","705","1,119","18,144","41,230","101,780"],
["Total:","40","40,523","59","705","1,119","18,144","41,230","101,780"],
["Legislative District 23"],
["Maricopa","20","11,116","18","352","406","13,240","15,158","40,290"],
["Pima","18","10,244","29","173","157","4,411","8,114","23,128"],
["Pinal","1","132","0","0","0","9","74","215"],
["Yuma","26","20,839","0","303","326","10,792","23,704","55,964"],
["Total:","65","42,331","47","828","889","28,452","47,050","119,597"],
["Legislative District 24"],
["Maricopa","38","33,254","48","624","619","15,805","33,686","84,036"],
["Total:","38","33,254","48","624","619","15,805","33,686","84,036"],
["Legislative District 25"],
["Maricopa","44","22,124","40","848","834","38,623","35,911","98,380"],
["Yuma","21","9,495","0","345","304","20,710","16,802","47,656"],
["Total:","65","31,619","40","1,193","1,138","59,333","52,713","146,036"],
["Legislative District 26"],
["Maricopa","34","32,041","68","569","576","13,185","30,167","76,606"],
["Total:","34","32,041","68","569","576","13,185","30,167","76,606"],
["Legislative District 27"],
["Maricopa","51","35,766","93","1,220","967","48,333","46,268","132,647"],
["Total:","51","35,766","93","1,220","967","48,333","46,268","132,647"],
["Legislative District 28"],
["Maricopa","59","35,235","56","967","626","74,799","49,414","161,097"],
["Total:","59","35,235","56","967","626","74,799","49,414","161,097"],
["Legislative District 29"],
["Maricopa","47","34,838","77","1,032","1,052","54,832","50,532","142,363"],
["Total:","47","34,838","77","1,032","1,052","54,832","50,532","142,363"],
["Legislative District 30"],
["La Paz","11","2,106","4","61","95","5,350","4,168","11,784"],
["Maricopa","2","765","2","50","26","3,344","1,736","5,923"],
["Mohave","22","18,905","0","972","600","78,141","47,033","145,651"],
["Yavapai","3","154","0","7","6","947","393","1,507"],
["Total:","38","21,930","6","1,090","727","87,782","53,330","164,865"],
["State Total:","1719","1,211,940","2,514","32,438","25,924","1,418,407","1,410,085","4,101,308"]
]
