[
{"County":"Adair","Democratic Active":"867","Republican Active":"2254","No Party Active":"1532","Other Active":"20","Total Active":"4673","Democratic Inactive":"119","Republican Inactive":"198","No Party Inactive":"436","Other Inactive":"8","Total Inactive":"761","Grand Total":"5434"},
{"County":"Adams","Democratic Active":"481","Republican Active":"1143","No Party Active":"790","Other Active":"8","Total Active":"2422","Democratic Inactive":"54","Republican Inactive":"80","No Party Inactive":"252","Other Inactive":"0","Total Inactive":"386","Grand Total":"2808"},
{"County":"Allamakee","Democratic Active":"1959","Republican Active":"4049","No Party Active":"2249","Other Active":"37","Total Active":"8294","Democratic Inactive":"294","Republican Inactive":"414","No Party Inactive":"753","Other Inactive":"12","Total Inactive":"1473","Grand Total":"9767"},
{"County":"Appanoose","Democratic Active":"1688","Republican Active":"3448","No Party Active":"2142","Other Active":"56","Total Active":"7334","Democratic Inactive":"376","Republican Inactive":"368","No Party Inactive":"763","Other Inactive":"10","Total Inactive":"1517","Grand Total":"8851"},
{"County":"Audubon","Democratic Active":"876","Republican Active":"1883","No Party Active":"891","Other Active":"18","Total Active":"3668","Democratic Inactive":"94","Republican Inactive":"179","No Party Inactive":"279","Other Inactive":"4","Total Inactive":"556","Grand Total":"4224"},
{"County":"Benton","Democratic Active":"3784","Republican Active":"6230","No Party Active":"5890","Other Active":"111","Total Active":"16015","Democratic Inactive":"470","Republican Inactive":"478","No Party Inactive":"1472","Other Inactive":"28","Total Inactive":"2448","Grand Total":"18463"},
{"County":"Black Hawk","Democratic Active":"28123","Republican Active":"20859","No Party Active":"22477","Other Active":"586","Total Active":"72045","Democratic Inactive":"5523","Republican Inactive":"2606","No Party Inactive":"7011","Other Inactive":"208","Total Inactive":"15348","Grand Total":"87393"},
{"County":"Boone","Democratic Active":"4936","Republican Active":"6298","No Party Active":"5498","Other Active":"121","Total Active":"16853","Democratic Inactive":"627","Republican Inactive":"646","No Party Inactive":"1717","Other Inactive":"47","Total Inactive":"3037","Grand Total":"19890"},
{"County":"Bremer","Democratic Active":"4002","Republican Active":"5652","No Party Active":"5839","Other Active":"78","Total Active":"15571","Democratic Inactive":"570","Republican Inactive":"480","No Party Inactive":"1319","Other Inactive":"23","Total Inactive":"2392","Grand Total":"17963"},
{"County":"Buchanan","Democratic Active":"3312","Republican Active":"3964","No Party Active":"4744","Other Active":"58","Total Active":"12078","Democratic Inactive":"340","Republican Inactive":"302","No Party Inactive":"1349","Other Inactive":"14","Total Inactive":"2005","Grand Total":"14083"},
{"County":"Buena Vista","Democratic Active":"2490","Republican Active":"4064","No Party Active":"2891","Other Active":"67","Total Active":"9512","Democratic Inactive":"773","Republican Inactive":"559","No Party Inactive":"1300","Other Inactive":"21","Total Inactive":"2653","Grand Total":"12165"},
{"County":"Butler","Democratic Active":"1730","Republican Active":"4546","No Party Active":"2540","Other Active":"55","Total Active":"8871","Democratic Inactive":"191","Republican Inactive":"347","No Party Inactive":"749","Other Inactive":"11","Total Inactive":"1298","Grand Total":"10169"},
{"County":"Calhoun","Democratic Active":"1132","Republican Active":"2765","No Party Active":"1923","Other Active":"40","Total Active":"5860","Democratic Inactive":"153","Republican Inactive":"219","No Party Inactive":"475","Other Inactive":"14","Total Inactive":"861","Grand Total":"6721"},
{"County":"Carroll","Democratic Active":"3074","Republican Active":"5118","No Party Active":"4499","Other Active":"87","Total Active":"12778","Democratic Inactive":"411","Republican Inactive":"486","No Party Inactive":"1094","Other Inactive":"24","Total Inactive":"2015","Grand Total":"14793"},
{"County":"Cass","Democratic Active":"1403","Republican Active":"4442","No Party Active":"2222","Other Active":"43","Total Active":"8110","Democratic Inactive":"212","Republican Inactive":"520","No Party Inactive":"746","Other Inactive":"18","Total Inactive":"1496","Grand Total":"9606"},
{"County":"Cedar","Democratic Active":"3069","Republican Active":"4445","No Party Active":"3647","Other Active":"79","Total Active":"11240","Democratic Inactive":"330","Republican Inactive":"357","No Party Inactive":"841","Other Inactive":"26","Total Inactive":"1554","Grand Total":"12794"},
{"County":"Cerro Gordo","Democratic Active":"8139","Republican Active":"8514","No Party Active":"9285","Other Active":"155","Total Active":"26093","Democratic Inactive":"1225","Republican Inactive":"945","No Party Inactive":"2925","Other Inactive":"48","Total Inactive":"5143","Grand Total":"31236"},
{"County":"Cherokee","Democratic Active":"1178","Republican Active":"4088","No Party Active":"1732","Other Active":"25","Total Active":"7023","Democratic Inactive":"222","Republican Inactive":"332","No Party Inactive":"727","Other Inactive":"9","Total Inactive":"1290","Grand Total":"8313"},
{"County":"Chickasaw","Democratic Active":"1999","Republican Active":"2773","No Party Active":"2318","Other Active":"36","Total Active":"7126","Democratic Inactive":"244","Republican Inactive":"199","No Party Inactive":"715","Other Inactive":"12","Total Inactive":"1170","Grand Total":"8296"},
{"County":"Clarke","Democratic Active":"1248","Republican Active":"2274","No Party Active":"1531","Other Active":"32","Total Active":"5085","Democratic Inactive":"225","Republican Inactive":"243","No Party Inactive":"559","Other Inactive":"17","Total Inactive":"1044","Grand Total":"6129"},
{"County":"Clay","Democratic Active":"1853","Republican Active":"5365","No Party Active":"2675","Other Active":"76","Total Active":"9969","Democratic Inactive":"309","Republican Inactive":"576","No Party Inactive":"981","Other Inactive":"20","Total Inactive":"1886","Grand Total":"11855"},
{"County":"Clayton","Democratic Active":"2839","Republican Active":"4019","No Party Active":"3707","Other Active":"76","Total Active":"10641","Democratic Inactive":"327","Republican Inactive":"370","No Party Inactive":"788","Other Inactive":"15","Total Inactive":"1500","Grand Total":"12141"},
{"County":"Clinton","Democratic Active":"8526","Republican Active":"9243","No Party Active":"9732","Other Active":"171","Total Active":"27672","Democratic Inactive":"1611","Republican Inactive":"923","No Party Inactive":"3398","Other Inactive":"76","Total Inactive":"6008","Grand Total":"33680"},
{"County":"Crawford","Democratic Active":"1999","Republican Active":"3529","No Party Active":"2668","Other Active":"56","Total Active":"8252","Democratic Inactive":"497","Republican Inactive":"383","No Party Inactive":"916","Other Inactive":"22","Total Inactive":"1818","Grand Total":"10070"},
{"County":"Dallas","Democratic Active":"18240","Republican Active":"22084","No Party Active":"20403","Other Active":"483","Total Active":"61210","Democratic Inactive":"2325","Republican Inactive":"2495","No Party Inactive":"4889","Other Inactive":"166","Total Inactive":"9875","Grand Total":"71085"},
{"County":"Davis","Democratic Active":"1188","Republican Active":"2190","No Party Active":"1033","Other Active":"20","Total Active":"4431","Democratic Inactive":"156","Republican Inactive":"219","No Party Inactive":"313","Other Inactive":"11","Total Inactive":"699","Grand Total":"5130"},
{"County":"Decatur","Democratic Active":"1024","Republican Active":"1861","No Party Active":"1197","Other Active":"21","Total Active":"4103","Democratic Inactive":"269","Republican Inactive":"208","No Party Inactive":"322","Other Inactive":"15","Total Inactive":"814","Grand Total":"4917"},
{"County":"Delaware","Democratic Active":"2319","Republican Active":"4697","No Party Active":"3922","Other Active":"45","Total Active":"10983","Democratic Inactive":"258","Republican Inactive":"290","No Party Inactive":"696","Other Inactive":"17","Total Inactive":"1261","Grand Total":"12244"},
{"County":"Des Moines","Democratic Active":"8350","Republican Active":"7208","No Party Active":"6641","Other Active":"175","Total Active":"22374","Democratic Inactive":"1797","Republican Inactive":"950","No Party Inactive":"2527","Other Inactive":"59","Total Inactive":"5333","Grand Total":"27707"},
{"County":"Dickinson","Democratic Active":"2499","Republican Active":"6316","No Party Active":"3562","Other Active":"87","Total Active":"12464","Democratic Inactive":"374","Republican Inactive":"667","No Party Inactive":"971","Other Inactive":"32","Total Inactive":"2044","Grand Total":"14508"},
{"County":"Dubuque","Democratic Active":"23897","Republican Active":"18697","No Party Active":"16919","Other Active":"468","Total Active":"59981","Democratic Inactive":"3617","Republican Inactive":"2188","No Party Inactive":"4871","Other Inactive":"164","Total Inactive":"10840","Grand Total":"70821"},
{"County":"Emmet","Democratic Active":"1391","Republican Active":"2059","No Party Active":"1910","Other Active":"34","Total Active":"5394","Democratic Inactive":"269","Republican Inactive":"285","No Party Inactive":"758","Other Inactive":"7","Total Inactive":"1319","Grand Total":"6713"},
{"County":"Fayette","Democratic Active":"2989","Republican Active":"4414","No Party Active":"3436","Other Active":"62","Total Active":"10901","Democratic Inactive":"406","Republican Inactive":"359","No Party Inactive":"858","Other Inactive":"26","Total Inactive":"1649","Grand Total":"12550"},
{"County":"Floyd","Democratic Active":"2487","Republican Active":"2961","No Party Active":"3521","Other Active":"56","Total Active":"9025","Democratic Inactive":"545","Republican Inactive":"351","No Party Inactive":"1176","Other Inactive":"19","Total Inactive":"2091","Grand Total":"11116"},
{"County":"Franklin","Democratic Active":"1110","Republican Active":"2923","No Party Active":"1618","Other Active":"34","Total Active":"5685","Democratic Inactive":"168","Republican Inactive":"243","No Party Inactive":"497","Other Inactive":"6","Total Inactive":"914","Grand Total":"6599"},
{"County":"Fremont","Democratic Active":"822","Republican Active":"2516","No Party Active":"847","Other Active":"28","Total Active":"4213","Democratic Inactive":"167","Republican Inactive":"296","No Party Inactive":"350","Other Inactive":"15","Total Inactive":"828","Grand Total":"5041"},
{"County":"Greene","Democratic Active":"1441","Republican Active":"2512","No Party Active":"1600","Other Active":"45","Total Active":"5598","Democratic Inactive":"185","Republican Inactive":"221","No Party Inactive":"494","Other Inactive":"7","Total Inactive":"907","Grand Total":"6505"},
{"County":"Grundy","Democratic Active":"1477","Republican Active":"4067","No Party Active":"2318","Other Active":"48","Total Active":"7910","Democratic Inactive":"169","Republican Inactive":"317","No Party Inactive":"578","Other Inactive":"9","Total Inactive":"1073","Grand Total":"8983"},
{"County":"Guthrie","Democratic Active":"1514","Republican Active":"3259","No Party Active":"2294","Other Active":"45","Total Active":"7112","Democratic Inactive":"210","Republican Inactive":"297","No Party Inactive":"647","Other Inactive":"8","Total Inactive":"1162","Grand Total":"8274"},
{"County":"Hamilton","Democratic Active":"2105","Republican Active":"4138","No Party Active":"2387","Other Active":"53","Total Active":"8683","Democratic Inactive":"292","Republican Inactive":"371","No Party Inactive":"779","Other Inactive":"16","Total Inactive":"1458","Grand Total":"10141"},
{"County":"Hancock","Democratic Active":"1303","Republican Active":"3577","No Party Active":"1812","Other Active":"36","Total Active":"6728","Democratic Inactive":"181","Republican Inactive":"295","No Party Inactive":"571","Other Inactive":"14","Total Inactive":"1061","Grand Total":"7789"},
{"County":"Hardin","Democratic Active":"2325","Republican Active":"4849","No Party Active":"2685","Other Active":"57","Total Active":"9916","Democratic Inactive":"397","Republican Inactive":"475","No Party Inactive":"915","Other Inactive":"19","Total Inactive":"1806","Grand Total":"11722"},
{"County":"Harrison","Democratic Active":"1761","Republican Active":"4588","No Party Active":"2012","Other Active":"71","Total Active":"8432","Democratic Inactive":"115","Republican Inactive":"202","No Party Inactive":"212","Other Inactive":"11","Total Inactive":"540","Grand Total":"8972"},
{"County":"Henry","Democratic Active":"2427","Republican Active":"5126","No Party Active":"3509","Other Active":"72","Total Active":"11134","Democratic Inactive":"577","Republican Inactive":"691","No Party Inactive":"1656","Other Inactive":"38","Total Inactive":"2962","Grand Total":"14096"},
{"County":"Howard","Democratic Active":"1441","Republican Active":"1754","No Party Active":"2213","Other Active":"27","Total Active":"5435","Democratic Inactive":"175","Republican Inactive":"140","No Party Inactive":"527","Other Inactive":"9","Total Inactive":"851","Grand Total":"6286"},
{"County":"Humboldt","Democratic Active":"1044","Republican Active":"2845","No Party Active":"1889","Other Active":"28","Total Active":"5806","Democratic Inactive":"137","Republican Inactive":"240","No Party Inactive":"446","Other Inactive":"8","Total Inactive":"831","Grand Total":"6637"},
{"County":"Ida","Democratic Active":"675","Republican Active":"2246","No Party Active":"1261","Other Active":"12","Total Active":"4194","Democratic Inactive":"107","Republican Inactive":"199","No Party Inactive":"374","Other Inactive":"7","Total Inactive":"687","Grand Total":"4881"},
{"County":"Iowa","Democratic Active":"2448","Republican Active":"4730","No Party Active":"3565","Other Active":"65","Total Active":"10808","Democratic Inactive":"313","Republican Inactive":"362","No Party Inactive":"883","Other Inactive":"27","Total Inactive":"1585","Grand Total":"12393"},
{"County":"Jackson","Democratic Active":"4223","Republican Active":"4237","No Party Active":"3911","Other Active":"48","Total Active":"12419","Democratic Inactive":"546","Republican Inactive":"348","No Party Inactive":"1371","Other Inactive":"9","Total Inactive":"2274","Grand Total":"14693"},
{"County":"Jasper","Democratic Active":"7026","Republican Active":"8516","No Party Active":"7016","Other Active":"142","Total Active":"22700","Democratic Inactive":"1025","Republican Inactive":"816","No Party Inactive":"2088","Other Inactive":"33","Total Inactive":"3962","Grand Total":"26662"},
{"County":"Jefferson","Democratic Active":"3840","Republican Active":"3470","No Party Active":"2192","Other Active":"73","Total Active":"9575","Democratic Inactive":"693","Republican Inactive":"347","No Party Inactive":"798","Other Inactive":"27","Total Inactive":"1865","Grand Total":"11440"},
{"County":"Johnson","Democratic Active":"46165","Republican Active":"16457","No Party Active":"25050","Other Active":"723","Total Active":"88395","Democratic Inactive":"10094","Republican Inactive":"3873","No Party Inactive":"9392","Other Inactive":"342","Total Inactive":"23701","Grand Total":"112096"},
{"County":"Jones","Democratic Active":"2905","Republican Active":"4691","No Party Active":"4407","Other Active":"53","Total Active":"12056","Democratic Inactive":"340","Republican Inactive":"371","No Party Inactive":"1190","Other Inactive":"17","Total Inactive":"1918","Grand Total":"13974"},
{"County":"Keokuk","Democratic Active":"1372","Republican Active":"2730","No Party Active":"1666","Other Active":"29","Total Active":"5797","Democratic Inactive":"223","Republican Inactive":"244","No Party Inactive":"492","Other Inactive":"5","Total Inactive":"964","Grand Total":"6761"},
{"County":"Kossuth","Democratic Active":"2288","Republican Active":"4587","No Party Active":"2915","Other Active":"39","Total Active":"9829","Democratic Inactive":"225","Republican Inactive":"325","No Party Inactive":"741","Other Inactive":"15","Total Inactive":"1306","Grand Total":"11135"},
{"County":"Lee","Democratic Active":"6978","Republican Active":"5672","No Party Active":"5733","Other Active":"141","Total Active":"18524","Democratic Inactive":"1296","Republican Inactive":"659","No Party Inactive":"2337","Other Inactive":"58","Total Inactive":"4350","Grand Total":"22874"},
{"County":"Linn","Democratic Active":"53580","Republican Active":"38870","No Party Active":"42877","Other Active":"1352","Total Active":"136679","Democratic Inactive":"8204","Republican Inactive":"4797","No Party Inactive":"11243","Other Inactive":"473","Total Inactive":"24717","Grand Total":"161396"},
{"County":"Louisa","Democratic Active":"1428","Republican Active":"2640","No Party Active":"1918","Other Active":"29","Total Active":"6015","Democratic Inactive":"298","Republican Inactive":"253","No Party Inactive":"709","Other Inactive":"9","Total Inactive":"1269","Grand Total":"7284"},
{"County":"Lucas","Democratic Active":"1032","Republican Active":"2575","No Party Active":"1479","Other Active":"30","Total Active":"5116","Democratic Inactive":"166","Republican Inactive":"251","No Party Inactive":"455","Other Inactive":"9","Total Inactive":"881","Grand Total":"5997"},
{"County":"Lyon","Democratic Active":"705","Republican Active":"5923","No Party Active":"1015","Other Active":"16","Total Active":"7659","Democratic Inactive":"136","Republican Inactive":"486","No Party Inactive":"349","Other Inactive":"6","Total Inactive":"977","Grand Total":"8636"},
{"County":"Madison","Democratic Active":"2480","Republican Active":"4861","No Party Active":"3264","Other Active":"81","Total Active":"10686","Democratic Inactive":"318","Republican Inactive":"465","No Party Inactive":"746","Other Inactive":"19","Total Inactive":"1548","Grand Total":"12234"},
{"County":"Mahaska","Democratic Active":"2178","Republican Active":"6954","No Party Active":"3213","Other Active":"107","Total Active":"12452","Democratic Inactive":"453","Republican Inactive":"663","No Party Inactive":"1203","Other Inactive":"23","Total Inactive":"2342","Grand Total":"14794"},
{"County":"Marion","Democratic Active":"4644","Republican Active":"10415","No Party Active":"6026","Other Active":"144","Total Active":"21229","Democratic Inactive":"716","Republican Inactive":"1001","No Party Inactive":"1600","Other Inactive":"29","Total Inactive":"3346","Grand Total":"24575"},
{"County":"Marshall","Democratic Active":"6657","Republican Active":"7501","No Party Active":"5724","Other Active":"136","Total Active":"20018","Democratic Inactive":"1211","Republican Inactive":"862","No Party Inactive":"2346","Other Inactive":"55","Total Inactive":"4474","Grand Total":"24492"},
{"County":"Mills","Democratic Active":"1799","Republican Active":"5336","No Party Active":"2204","Other Active":"114","Total Active":"9453","Democratic Inactive":"333","Republican Inactive":"668","No Party Inactive":"804","Other Inactive":"43","Total Inactive":"1848","Grand Total":"11301"},
{"County":"Mitchell","Democratic Active":"1502","Republican Active":"2734","No Party Active":"2097","Other Active":"37","Total Active":"6370","Democratic Inactive":"208","Republican Inactive":"250","No Party Inactive":"545","Other Inactive":"13","Total Inactive":"1016","Grand Total":"7386"},
{"County":"Monona","Democratic Active":"1299","Republican Active":"2453","No Party Active":"1477","Other Active":"36","Total Active":"5265","Democratic Inactive":"229","Republican Inactive":"237","No Party Inactive":"468","Other Inactive":"16","Total Inactive":"950","Grand Total":"6215"},
{"County":"Monroe","Democratic Active":"1064","Republican Active":"2135","No Party Active":"1307","Other Active":"19","Total Active":"4525","Democratic Inactive":"171","Republican Inactive":"186","No Party Inactive":"323","Other Inactive":"11","Total Inactive":"691","Grand Total":"5216"},
{"County":"Montgomery","Democratic Active":"1055","Republican Active":"3411","No Party Active":"1564","Other Active":"41","Total Active":"6071","Democratic Inactive":"211","Republican Inactive":"442","No Party Inactive":"676","Other Inactive":"15","Total Inactive":"1344","Grand Total":"7415"},
{"County":"Muscatine","Democratic Active":"7045","Republican Active":"8153","No Party Active":"7630","Other Active":"198","Total Active":"23026","Democratic Inactive":"1646","Republican Inactive":"1159","No Party Inactive":"3056","Other Inactive":"79","Total Inactive":"5940","Grand Total":"28966"},
{"County":"O'Brien","Democratic Active":"1098","Republican Active":"5497","No Party Active":"1644","Other Active":"49","Total Active":"8288","Democratic Inactive":"238","Republican Inactive":"564","No Party Inactive":"606","Other Inactive":"20","Total Inactive":"1428","Grand Total":"9716"},
{"County":"Osceola","Democratic Active":"386","Republican Active":"2462","No Party Active":"780","Other Active":"12","Total Active":"3640","Democratic Inactive":"72","Republican Inactive":"217","No Party Inactive":"298","Other Inactive":"4","Total Inactive":"591","Grand Total":"4231"},
{"County":"Page","Democratic Active":"1407","Republican Active":"5207","No Party Active":"2002","Other Active":"61","Total Active":"8677","Democratic Inactive":"309","Republican Inactive":"572","No Party Inactive":"828","Other Inactive":"19","Total Inactive":"1728","Grand Total":"10405"},
{"County":"Palo Alto","Democratic Active":"1620","Republican Active":"2240","No Party Active":"1579","Other Active":"24","Total Active":"5463","Democratic Inactive":"207","Republican Inactive":"175","No Party Inactive":"467","Other Inactive":"13","Total Inactive":"862","Grand Total":"6325"},
{"County":"Plymouth","Democratic Active":"2685","Republican Active":"8636","No Party Active":"4212","Other Active":"99","Total Active":"15632","Democratic Inactive":"461","Republican Inactive":"855","No Party Inactive":"1188","Other Inactive":"32","Total Inactive":"2536","Grand Total":"18168"},
{"County":"Pocahontas","Democratic Active":"737","Republican Active":"2205","No Party Active":"1229","Other Active":"32","Total Active":"4203","Democratic Inactive":"146","Republican Inactive":"189","No Party Inactive":"384","Other Inactive":"9","Total Inactive":"728","Grand Total":"4931"},
{"County":"Polk","Democratic Active":"118632","Republican Active":"81260","No Party Active":"77313","Other Active":"2700","Total Active":"279905","Democratic Inactive":"18745","Republican Inactive":"9756","No Party Inactive":"20145","Other Inactive":"876","Total Inactive":"49522","Grand Total":"329427"},
{"County":"Pottawattamie","Democratic Active":"14344","Republican Active":"21959","No Party Active":"14423","Other Active":"594","Total Active":"51320","Democratic Inactive":"3352","Republican Inactive":"3384","No Party Inactive":"6129","Other Inactive":"270","Total Inactive":"13135","Grand Total":"64455"},
{"County":"Poweshiek","Democratic Active":"3532","Republican Active":"3886","No Party Active":"3891","Other Active":"65","Total Active":"11374","Democratic Inactive":"1378","Republican Inactive":"396","No Party Inactive":"1219","Other Inactive":"20","Total Inactive":"3013","Grand Total":"14387"},
{"County":"Ringgold","Democratic Active":"499","Republican Active":"1920","No Party Active":"484","Other Active":"15","Total Active":"2918","Democratic Inactive":"82","Republican Inactive":"144","No Party Inactive":"158","Other Inactive":"2","Total Inactive":"386","Grand Total":"3304"},
{"County":"Sac","Democratic Active":"1018","Republican Active":"3528","No Party Active":"1654","Other Active":"25","Total Active":"6225","Democratic Inactive":"139","Republican Inactive":"273","No Party Inactive":"547","Other Inactive":"7","Total Inactive":"966","Grand Total":"7191"},
{"County":"Scott","Democratic Active":"34462","Republican Active":"31533","No Party Active":"35179","Other Active":"880","Total Active":"102054","Democratic Inactive":"8739","Republican Inactive":"5187","No Party Inactive":"14864","Other Inactive":"392","Total Inactive":"29182","Grand Total":"131236"},
{"County":"Shelby","Democratic Active":"1616","Republican Active":"3973","No Party Active":"2007","Other Active":"32","Total Active":"7628","Democratic Inactive":"213","Republican Inactive":"342","No Party Inactive":"467","Other Inactive":"17","Total Inactive":"1039","Grand Total":"8667"},
{"County":"Sioux","Democratic Active":"1819","Republican Active":"15358","No Party Active":"3518","Other Active":"75","Total Active":"20770","Democratic Inactive":"327","Republican Inactive":"1247","No Party Inactive":"908","Other Inactive":"27","Total Inactive":"2509","Grand Total":"23279"},
{"County":"Story","Democratic Active":"19944","Republican Active":"15281","No Party Active":"17403","Other Active":"622","Total Active":"53250","Democratic Inactive":"5347","Republican Inactive":"3628","No Party Inactive":"7310","Other Inactive":"329","Total Inactive":"16614","Grand Total":"69864"},
{"County":"Tama","Democratic Active":"2747","Republican Active":"3771","No Party Active":"3299","Other Active":"63","Total Active":"9880","Democratic Inactive":"384","Republican Inactive":"310","No Party Inactive":"1029","Other Inactive":"11","Total Inactive":"1734","Grand Total":"11614"},
{"County":"Taylor","Democratic Active":"564","Republican Active":"2019","No Party Active":"883","Other Active":"27","Total Active":"3493","Democratic Inactive":"91","Republican Inactive":"175","No Party Inactive":"276","Other Inactive":"8","Total Inactive":"550","Grand Total":"4043"},
{"County":"Union","Democratic Active":"1419","Republican Active":"3222","No Party Active":"2250","Other Active":"42","Total Active":"6933","Democratic Inactive":"251","Republican Inactive":"285","No Party Inactive":"877","Other Inactive":"16","Total Inactive":"1429","Grand Total":"8362"},
{"County":"Van Buren","Democratic Active":"731","Republican Active":"2301","No Party Active":"1162","Other Active":"29","Total Active":"4223","Democratic Inactive":"135","Republican Inactive":"237","No Party Inactive":"381","Other Inactive":"6","Total Inactive":"759","Grand Total":"4982"},
{"County":"Wapello","Democratic Active":"6041","Republican Active":"6099","No Party Active":"5121","Other Active":"113","Total Active":"17374","Democratic Inactive":"1364","Republican Inactive":"790","No Party Inactive":"2013","Other Inactive":"44","Total Inactive":"4211","Grand Total":"21585"},
{"County":"Warren","Democratic Active":"9960","Republican Active":"13332","No Party Active":"10048","Other Active":"260","Total Active":"33600","Democratic Inactive":"1207","Republican Inactive":"1291","No Party Inactive":"2325","Other Inactive":"88","Total Inactive":"4911","Grand Total":"38511"},
{"County":"Washington","Democratic Active":"3045","Republican Active":"6067","No Party Active":"4008","Other Active":"99","Total Active":"13219","Democratic Inactive":"426","Republican Inactive":"625","No Party Inactive":"1194","Other Inactive":"45","Total Inactive":"2290","Grand Total":"15509"},
{"County":"Wayne","Democratic Active":"667","Republican Active":"1837","No Party Active":"887","Other Active":"16","Total Active":"3407","Democratic Inactive":"106","Republican Inactive":"149","No Party Inactive":"216","Other Inactive":"3","Total Inactive":"474","Grand Total":"3881"},
{"County":"Webster","Democratic Active":"6141","Republican Active":"7602","No Party Active":"6251","Other Active":"147","Total Active":"20141","Democratic Inactive":"1331","Republican Inactive":"1017","No Party Inactive":"2637","Other Inactive":"66","Total Inactive":"5051","Grand Total":"25192"},
{"County":"Winnebago","Democratic Active":"1511","Republican Active":"3054","No Party Active":"2135","Other Active":"35","Total Active":"6735","Democratic Inactive":"258","Republican Inactive":"274","No Party Inactive":"759","Other Inactive":"14","Total Inactive":"1305","Grand Total":"8040"},
{"County":"Winneshiek","Democratic Active":"4206","Republican Active":"4577","No Party Active":"4034","Other Active":"52","Total Active":"12869","Democratic Inactive":"762","Republican Inactive":"364","No Party Inactive":"1025","Other Inactive":"29","Total Inactive":"2180","Grand Total":"15049"},
{"County":"Woodbury","Democratic Active":"15328","Republican Active":"20811","No Party Active":"14299","Other Active":"403","Total Active":"50841","Democratic Inactive":"3909","Republican Inactive":"2932","No Party Inactive":"6153","Other Inactive":"140","Total Inactive":"13134","Grand Total":"63975"},
{"County":"Worth","Democratic Active":"1205","Republican Active":"2019","No Party Active":"1612","Other Active":"25","Total Active":"4861","Democratic Inactive":"142","Republican Inactive":"166","No Party Inactive":"441","Other Inactive":"4","Total Inactive":"753","Grand Total":"5614"},
{"County":"Wright","Democratic Active":"1507","Republican Active":"3312","No Party Active":"2020","Other Active":"29","Total Active":"6868","Democratic Inactive":"251","Republican Inactive":"318","No Party Inactive":"565","Other Inactive":"15","Total Inactive":"1149","Grand Total":"8017"},
{"County":"Totals","Democratic Active":"597,120","Republican Active":"681,871","No Party Active":"555,988","Other Active":"14,376","Total Active":"1,849,355","Democratic Inactive":"107,520","Republican Inactive":"79,136","No Party Inactive":"176,216","Other Inactive":"5,229","Total Inactive":"368,101","Grand Total":"2,217,456"}
]