[
{"Name":"Feature ID","Type":"Number","Length/ Decimals":"10","Description":"The Feature ID number for the governmental unit."},
{"Name":"Unit Type","Type":"Character","Length/ Decimals":"50","Description":"The type of government unit. Values are County, State, Country."},
{"Name":"County Numeric","Type":"Character","Length/ Decimals":"3","Description":"The unique three number code and name for a county or county equivalent as specified in INCITS 31:200x, (Formerly FIPS 6-4)"},
{"Name":"County Name","Type":"Character","Length/ Decimals":"100","Description":"Codes for the Identification of Counties and Equivalent Entities of the United States, its Possessions, and Insular Areas"},
{"Name":"State Numeric","Type":"Character","Length/ Decimals":"2","Description":"1) The unique two number code for a US State as specified in INCITS 38:200x, (Formerly FIPS 5-2) Codes for the Identification of the States, the District of Columbia, Puerto Rico, and the Insular Areas of the United States, or 2) The unique two number code for a principle administrative division of countries other than the United States as specified in FIPS PUB 10-4, Countries, Dependencies, Areas Of Special Sovereignty, And Their Principal Administrative Divisions."},
{"Name":"State Alpha","Type":"Character","Length/ Decimals":"2","Description":"The unique two letter code for a US State as specified in INCITS 38:200x, (Formerly FIPS 5-2) Codes for the Identification of the States, the District of Columbia, Puerto Rico, and the Insular Areas of the United States."},
{"Name":"State Name","Type":"Character","Length/ Decimals":"100","Description":"1) The name of a US State as specified in INCITS 38:200x, (Formerly FIPS 5-2) Codes for the Identification of the States, the District of Columbia, Puerto Rico, and the Insular Areas of the United States, or 2) The name of a principle administrative division of countries other than the United States as specified in FIPS PUB 10-4, Countries, Dependencies, Areas Of Special Sovereignty, And Their Principal Administrative Divisions."},
{"Name":"Country Alpha","Type":"Character","Length/ Decimals":"2","Description":"The unique two letter code and name of a country as specified in Federal Information Processing Standards Publication (FIPS PUB) 10-4, Countries, Dependencies, Areas of Special Sovereignty, And Their Principal Administrative Divisions."},
{"Name":"Country Name","Type":"Character","Length/ Decimals":"100"},
{"Name":"Feature Name","Type":"Character","Length/ Decimals":"120","Description":"Official feature name"}
]