[
{"County":"Apache","Precincts":"44","Date/Period":"JUL 2023","Democratic":"27,462","Green":"*","Libertarian":"225","No Labels":"29","Republican":"10,808","Other":"13,773","Total":"52,297"},
{"County":"Apache","Precincts":"44","Date/Period":"OCT 2023","Democratic":"27,145","Green":"*","Libertarian":"231","No Labels":"97","Republican":"10,735","Other":"13,809","Total":"52,017"},
{"County":"Apache","Precincts":"44","Date/Period":"JAN 2024","Democratic":"26,830","Green":"15","Libertarian":"229","No Labels":"126","Republican":"10,720","Other":"13,792","Total":"51,712"},
{"County":"Cochise","Precincts":"55","Date/Period":"JUL 2023","Democratic":"19,023","Green":"*","Libertarian":"644","No Labels":"129","Republican":"30,069","Other":"27,120","Total":"76,985"},
{"County":"Cochise","Precincts":"55","Date/Period":"OCT 2023","Democratic":"18,943","Green":"*","Libertarian":"650","No Labels":"306","Republican":"30,155","Other":"27,257","Total":"77,311"},
{"County":"Cochise","Precincts":"55","Date/Period":"JAN 2024","Democratic":"18,451","Green":"47","Libertarian":"645","No Labels":"424","Republican":"29,624","Other":"26,509","Total":"75,700"},
{"County":"Coconino","Precincts":"75","Date/Period":"JUL 2023","Democratic":"35,334","Green":"*","Libertarian":"769","No Labels":"169","Republican":"22,701","Other":"28,834","Total":"87,807"},
{"County":"Coconino","Precincts":"75","Date/Period":"OCT 2023","Democratic":"34,795","Green":"*","Libertarian":"741","No Labels":"420","Republican":"22,536","Other":"28,516","Total":"87,008"},
{"County":"Coconino","Precincts":"75","Date/Period":"JAN 2024","Democratic":"34,526","Green":"146","Libertarian":"751","No Labels":"604","Republican":"22,530","Other":"28,401","Total":"86,958"},
{"County":"Gila","Precincts":"39","Date/Period":"JUL 2023","Democratic":"8,338","Green":"*","Libertarian":"229","No Labels":"51","Republican":"16,293","Other":"9,509","Total":"34,420"},
{"County":"Gila","Precincts":"39","Date/Period":"OCT 2023","Democratic":"8,179","Green":"*","Libertarian":"221","No Labels":"95","Republican":"15,904","Other":"9,333","Total":"33,732"},
{"County":"Gila","Precincts":"39","Date/Period":"JAN 2024","Democratic":"8,122","Green":"0","Libertarian":"226","No Labels":"138","Republican":"15,875","Other":"9,280","Total":"33,641"},
{"County":"Graham","Precincts":"23","Date/Period":"JUL 2023","Democratic":"4,517","Green":"*","Libertarian":"113","No Labels":"15","Republican":"10,044","Other":"5,201","Total":"19,890"},
{"County":"Graham","Precincts":"23","Date/Period":"OCT 2023","Democratic":"4,506","Green":"*","Libertarian":"114","No Labels":"42","Republican":"10,121","Other":"5,308","Total":"20,091"},
{"County":"Graham","Precincts":"23","Date/Period":"JAN 2024","Democratic":"4,501","Green":"8","Libertarian":"119","No Labels":"66","Republican":"10,168","Other":"5,346","Total":"20,208"},
{"County":"Greenlee","Precincts":"8","Date/Period":"JUL 2023","Democratic":"1,424","Green":"*","Libertarian":"49","No Labels":"7","Republican":"1,771","Other":"1,470","Total":"4,721"},
{"County":"Greenlee","Precincts":"8","Date/Period":"OCT 2023","Democratic":"1,412","Green":"*","Libertarian":"52","No Labels":"19","Republican":"1,776","Other":"1,490","Total":"4,749"},
{"County":"Greenlee","Precincts":"6","Date/Period":"JAN 2024","Democratic":"1,398","Green":"2","Libertarian":"51","No Labels":"30","Republican":"1,790","Other":"1,514","Total":"4,785"},
{"County":"La Paz","Precincts":"11","Date/Period":"JUL 2023","Democratic":"2,122","Green":"*","Libertarian":"68","No Labels":"23","Republican":"5,261","Other":"4,121","Total":"11,595"},
{"County":"La Paz","Precincts":"11","Date/Period":"OCT 2023","Democratic":"2,124","Green":"*","Libertarian":"69","No Labels":"47","Republican":"5,326","Other":"4,190","Total":"11,756"},
{"County":"La Paz","Precincts":"11","Date/Period":"JAN 2024","Democratic":"2,106","Green":"4","Libertarian":"61","No Labels":"95","Republican":"5,350","Other":"4,168","Total":"11,784"},
{"County":"Maricopa","Precincts":"906","Date/Period":"JUL 2023","Democratic":"733,721","Green":"*","Libertarian":"21,013","No Labels":"5,483","Republican":"852,868","Other":"880,265","Total":"2,493,350"},
{"County":"Maricopa","Precincts":"906","Date/Period":"OCT 2023","Democratic":"730,462","Green":"*","Libertarian":"21,042","No Labels":"11,975","Republican":"853,264","Other":"888,077","Total":"2,504,820"},
{"County":"Maricopa","Precincts":"906","Date/Period":"JAN 2024","Democratic":"697,057","Green":"1,523","Libertarian":"19,865","No Labels":"16,519","Republican":"825,145","Other":"846,568","Total":"2,406,677"},
{"County":"Mohave","Precincts":"24","Date/Period":"JUL 2023","Democratic":"19,140","Green":"*","Libertarian":"967","No Labels":"201","Republican":"75,767","Other":"47,549","Total":"143,624"},
{"County":"Mohave","Precincts":"24","Date/Period":"OCT 2023","Democratic":"19,017","Green":"*","Libertarian":"975","No Labels":"398","Republican":"76,398","Other":"48,103","Total":"144,891"},
{"County":"Mohave","Precincts":"24","Date/Period":"JAN 2024","Democratic":"19,164","Green":"0","Libertarian":"976","No Labels":"603","Republican":"78,243","Other":"47,399","Total":"146,385"},
{"County":"Navajo","Precincts":"14","Date/Period":"JUL 2023","Democratic":"23,795","Green":"*","Libertarian":"437","No Labels":"94","Republican":"25,770","Other":"19,879","Total":"69,975"},
{"County":"Navajo","Precincts":"14","Date/Period":"OCT 2023","Democratic":"23,638","Green":"*","Libertarian":"445","No Labels":"250","Republican":"25,981","Other":"20,143","Total":"70,457"},
{"County":"Navajo","Precincts":"21","Date/Period":"JAN 2024","Democratic":"23,526","Green":"0","Libertarian":"449","No Labels":"327","Republican":"26,390","Other":"20,162","Total":"70,854"},
{"County":"Pima","Precincts":"278","Date/Period":"JUL 2023","Democratic":"245,367","Green":"*","Libertarian":"4,915","No Labels":"1,118","Republican":"176,408","Other":"211,001","Total":"638,809"},
{"County":"Pima","Precincts":"278","Date/Period":"OCT 2023","Democratic":"243,142","Green":"*","Libertarian":"4,856","No Labels":"2,552","Republican":"175,106","Other":"210,763","Total":"636,419"},
{"County":"Pima","Precincts":"278","Date/Period":"JAN 2024","Democratic":"238,434","Green":"757","Libertarian":"4,758","No Labels":"3,474","Republican":"173,314","Other":"206,156","Total":"626,893"},
{"County":"Pinal","Precincts":"109","Date/Period":"JUL 2023","Democratic":"62,701","Green":"*","Libertarian":"2,109","No Labels":"599","Republican":"97,926","Other":"97,624","Total":"260,959"},
{"County":"Pinal","Precincts":"109","Date/Period":"OCT 2023","Democratic":"62,965","Green":"*","Libertarian":"2,136","No Labels":"1,380","Republican":"98,955","Other":"99,272","Total":"264,708"},
{"County":"Pinal","Precincts":"109","Date/Period":"JAN 2024","Democratic":"62,219","Green":"1","Libertarian":"2,142","No Labels":"1,885","Republican":"99,129","Other":"98,993","Total":"264,369"},
{"County":"Santa Cruz","Precincts":"24","Date/Period":"JUL 2023","Democratic":"14,128","Green":"*","Libertarian":"171","No Labels":"21","Republican":"5,045","Other":"10,885","Total":"30,250"},
{"County":"Santa Cruz","Precincts":"24","Date/Period":"OCT 2023","Democratic":"14,045","Green":"*","Libertarian":"172","No Labels":"69","Republican":"5,068","Other":"11,103","Total":"30,457"},
{"County":"Santa Cruz","Precincts":"24","Date/Period":"JAN 2024","Democratic":"13,965","Green":"11","Libertarian":"171","No Labels":"106","Republican":"5,109","Other":"11,229","Total":"30,591"},
{"County":"Yavapai","Precincts":"48","Date/Period":"JUL 2023","Democratic":"31,789","Green":"*","Libertarian":"1,349","No Labels":"329","Republican":"81,917","Other":"52,035","Total":"167,419"},
{"County":"Yavapai","Precincts":"48","Date/Period":"OCT 2023","Democratic":"31,422","Green":"*","Libertarian":"1,364","No Labels":"684","Republican":"82,144","Other":"52,119","Total":"167,733"},
{"County":"Yavapai","Precincts":"57","Date/Period":"JAN 2024","Democratic":"31,307","Green":"0","Libertarian":"1,347","No Labels":"897","Republican":"83,518","Other":"50,062","Total":"167,131"},
{"County":"Yuma","Precincts":"47","Date/Period":"JUL 2023","Democratic":"31,798","Green":"*","Libertarian":"680","No Labels":"237","Republican":"32,479","Other":"41,431","Total":"106,625"},
{"County":"Yuma","Precincts":"47","Date/Period":"OCT 2023","Democratic":"30,835","Green":"*","Libertarian":"645","No Labels":"465","Republican":"31,484","Other":"39,949","Total":"103,378"},
{"County":"Yuma","Precincts":"47","Date/Period":"JAN 2024","Democratic":"30,334","Green":"0","Libertarian":"648","No Labels":"630","Republican":"31,502","Other":"40,506","Total":"103,620"},
{"County":"Totals:","Precincts":"1,705","Date/Period":"JUL 2023","Democratic":"1,260,659","Green":"*","Libertarian":"33,738","No Labels":"8,505","Republican":"1,445,127","Other":"1,450,697","Total":"4,198,726"},
{"County":"Totals:","Precincts":"1,705","Date/Period":"OCT 2023","Democratic":"1,252,630","Green":"*","Libertarian":"33,713","No Labels":"18,799","Republican":"1,444,953","Other":"1,459,432","Total":"4,209,527"},
{"County":"Totals:","Precincts":"1,719","Date/Period":"JAN 2024","Democratic":"1,211,940","Green":"2,514","Libertarian":"32,438","No Labels":"25,924","Republican":"1,418,407","Other":"1,410,085","Total":"4,101,308"},
{"County":"Percentages:","Precincts":"JUL 2023","Date/Period":"30.02","Democratic":"*","Green":"0.80","Libertarian":"0.20","No Labels":"34.42","Republican":"34.55"},
{"County":"Percentages:","Precincts":"OCT 2023","Date/Period":"29.76","Democratic":"*","Green":"0.80","Libertarian":"0.45","No Labels":"34.33","Republican":"34.67"},
{"County":"Percentages:","Precincts":"JAN 2024","Date/Period":"29.55","Democratic":"0.06","Green":"0.79","Libertarian":"0.63","No Labels":"34.58","Republican":"34.38"}
]
